#
# There is insufficient memory for the Java Runtime Environment to continue.
# Native memory allocation (malloc) failed to allocate 1427728 bytes. Error detail: Chunk::new
# Possible reasons:
#   The system is out of physical RAM or swap space
#   This process is running with CompressedOops enabled, and the Java Heap may be blocking the growth of the native heap
# Possible solutions:
#   Reduce memory load on the system
#   Increase physical memory or swap space
#   Check if swap backing store is full
#   Decrease Java heap size (-Xmx/-Xms)
#   Decrease number of Java threads
#   Decrease Java thread stack sizes (-Xss)
#   Set larger code cache with -XX:ReservedCodeCacheSize=
#   JVM is running with Unscaled Compressed Oops mode in which the Java heap is
#     placed in the first 4GB address space. The Java Heap base address is the
#     maximum limit for the native heap growth. Please use -XX:HeapBaseMinAddress
#     to set the Java Heap base and to place the Java Heap above 4GB virtual address.
# This output file may be truncated or incomplete.
#
#  Out of Memory Error (arena.cpp:162), pid=23968, tid=21672
#
# JRE version: OpenJDK Runtime Environment Zulu24.30+11-CA (24.0.1+9) (build 24.0.1+9)
# Java VM: OpenJDK 64-Bit Server VM Zulu24.30+11-CA (24.0.1+9, mixed mode, sharing, tiered, compressed oops, compressed class ptrs, g1 gc, windows-amd64)
# No core dump will be written. Minidumps are not enabled by default on client versions of Windows
#

---------------  S U M M A R Y ------------

Command Line: -Dfile.encoding=UTF-8 --module-path=D:\Study Material\University Material\5th_semester\Advanced programming Language 341,342\Project\Employee.Management.System\build\classes employee.management.system.Splash

Host: 12th Gen Intel(R) Core(TM) i5-1235U, 12 cores, 7G,  Windows 11 , 64 bit Build 26100 (10.0.26100.7019)
Time: Wed Nov 26 01:30:48 2025 Bangladesh Standard Time elapsed time: 5.334539 seconds (0d 0h 0m 5s)

---------------  T H R E A D  ---------------

Current thread (0x000001d1e1f421e0):  JavaThread "C2 CompilerThread0" daemon [_thread_in_native, id=21672, stack(0x000000a9cb700000,0x000000a9cb800000) (1024K)]


Current CompileTask:
C2:5334  603       4       java.lang.StringLatin1::replace (197 bytes)

Stack: [0x000000a9cb700000,0x000000a9cb800000]
Native frames: (J=compiled Java code, j=interpreted, Vv=VM code, C=native code)
V  [jvm.dll+0x7410c9]  (no source info available)
V  [jvm.dll+0x97def3]  (no source info available)
V  [jvm.dll+0x98021d]  (no source info available)
V  [jvm.dll+0x980893]  (no source info available)
V  [jvm.dll+0x2b5b16]  (no source info available)
V  [jvm.dll+0xd019f]  (no source info available)
V  [jvm.dll+0xd03ff]  (no source info available)
V  [jvm.dll+0x15b8bf]  (no source info available)
V  [jvm.dll+0x74698f]  (no source info available)
V  [jvm.dll+0x27a528]  (no source info available)
V  [jvm.dll+0x279641]  (no source info available)
V  [jvm.dll+0x1f313a]  (no source info available)
V  [jvm.dll+0x288e35]  (no source info available)
V  [jvm.dll+0x2870ca]  (no source info available)
V  [jvm.dll+0x43df56]  (no source info available)
V  [jvm.dll+0x920928]  (no source info available)
V  [jvm.dll+0x73f855]  (no source info available)
C  [ucrtbase.dll+0x37b0]  (no source info available)
C  [KERNEL32.DLL+0x2e8d7]  (no source info available)
C  [ntdll.dll+0x8c53c]  (no source info available)

Lock stack of current Java thread (top to bottom):


---------------  P R O C E S S  ---------------

Threads class SMR info:
_java_thread_list=0x000001d1c16caed0, length=15, elements={
0x000001d1c2cec980, 0x000001d1e1f2da30, 0x000001d1e1f30cf0, 0x000001d1e1f31820,
0x000001d1e1f32350, 0x000001d1e1f32e80, 0x000001d1e1f367f0, 0x000001d1e1f421e0,
0x000001d1c1030090, 0x000001d1c10eb450, 0x000001d1c1226da0, 0x000001d1c140dad0,
0x000001d1c18d23d0, 0x000001d1c1a06e70, 0x000001d1c1a49c10
}

Java Threads: ( => current thread )
  0x000001d1c2cec980 JavaThread "main"                              [_thread_blocked, id=19976, stack(0x000000a9ca900000,0x000000a9caa00000) (1024K)]
  0x000001d1e1f2da30 JavaThread "Reference Handler"          daemon [_thread_blocked, id=20404, stack(0x000000a9cb100000,0x000000a9cb200000) (1024K)]
  0x000001d1e1f30cf0 JavaThread "Finalizer"                  daemon [_thread_blocked, id=22168, stack(0x000000a9cb200000,0x000000a9cb300000) (1024K)]
  0x000001d1e1f31820 JavaThread "Signal Dispatcher"          daemon [_thread_blocked, id=17800, stack(0x000000a9cb300000,0x000000a9cb400000) (1024K)]
  0x000001d1e1f32350 JavaThread "Attach Listener"            daemon [_thread_blocked, id=3560, stack(0x000000a9cb400000,0x000000a9cb500000) (1024K)]
  0x000001d1e1f32e80 JavaThread "Service Thread"             daemon [_thread_blocked, id=16636, stack(0x000000a9cb500000,0x000000a9cb600000) (1024K)]
  0x000001d1e1f367f0 JavaThread "Monitor Deflation Thread"   daemon [_thread_blocked, id=24088, stack(0x000000a9cb600000,0x000000a9cb700000) (1024K)]
=>0x000001d1e1f421e0 JavaThread "C2 CompilerThread0"         daemon [_thread_in_native, id=21672, stack(0x000000a9cb700000,0x000000a9cb800000) (1024K)]
  0x000001d1c1030090 JavaThread "C1 CompilerThread0"         daemon [_thread_blocked, id=21676, stack(0x000000a9cb800000,0x000000a9cb900000) (1024K)]
  0x000001d1c10eb450 JavaThread "Common-Cleaner"             daemon [_thread_blocked, id=21244, stack(0x000000a9cb900000,0x000000a9cba00000) (1024K)]
  0x000001d1c1226da0 JavaThread "Notification Thread"        daemon [_thread_blocked, id=3508, stack(0x000000a9cbb00000,0x000000a9cbc00000) (1024K)]
  0x000001d1c140dad0 JavaThread "Java2D Disposer"            daemon [_thread_blocked, id=18204, stack(0x000000a9cba00000,0x000000a9cbb00000) (1024K)]
  0x000001d1c18d23d0 JavaThread "AWT-Windows"                daemon [_thread_in_native, id=4204, stack(0x000000a9cbd00000,0x000000a9cbe00000) (1024K)]
  0x000001d1c1a06e70 JavaThread "Image Fetcher 0"            daemon [_thread_in_vm, id=11860, stack(0x000000a9cbc00000,0x000000a9cbd00000) (1024K)]
  0x000001d1c1a49c10 JavaThread "C2 CompilerThread1"         daemon [_thread_in_native, id=18952, stack(0x000000a9cbe00000,0x000000a9cbf00000) (1024K)]
Total: 15

Other Threads:
  0x000001d1e1f1f4d0 VMThread "VM Thread"                           [id=3624, stack(0x000000a9cb000000,0x000000a9cb100000) (1024K)]
  0x000001d1e1f0d600 WatcherThread "VM Periodic Task Thread"        [id=3444, stack(0x000000a9caf00000,0x000000a9cb000000) (1024K)]
  0x000001d1c506e1d0 WorkerThread "GC Thread#0"                     [id=16488, stack(0x000000a9caa00000,0x000000a9cab00000) (1024K)]
  0x000001d1c5082550 ConcurrentGCThread "G1 Main Marker"            [id=6840, stack(0x000000a9cab00000,0x000000a9cac00000) (1024K)]
  0x000001d1c5083100 WorkerThread "G1 Conc#0"                       [id=24380, stack(0x000000a9cac00000,0x000000a9cad00000) (1024K)]
  0x000001d1e1ddd430 ConcurrentGCThread "G1 Refine#0"               [id=24324, stack(0x000000a9cad00000,0x000000a9cae00000) (1024K)]
  0x000001d1e1ddec70 ConcurrentGCThread "G1 Service"                [id=9900, stack(0x000000a9cae00000,0x000000a9caf00000) (1024K)]
Total: 7

Threads with active compile tasks:
C2 CompilerThread0  11431  603       4       java.lang.StringLatin1::replace (197 bytes)
C2 CompilerThread1  11431  754       4       sun.util.locale.BaseLocale::hashCode (169 bytes)
Total: 2

VM state: not at safepoint (normal execution)

VM Mutex/Monitor currently owned by a thread:  ([mutex/lock_event])
[0x00007fff93ce2fc8] Metaspace_lock - owner thread: 0x000001d1c1a06e70

Heap address: 0x0000000085200000, size: 1966 MB, Compressed Oops mode: 32-bit

CDS archive(s) mapped at: [0x000001d180000000-0x000001d180d40000-0x000001d180d40000), size 13893632, SharedBaseAddress: 0x000001d180000000, ArchiveRelocationMode: 1.
Compressed class space mapped at: 0x000001d181000000-0x000001d1c1000000, reserved size: 1073741824
UseCompressedClassPointers 1, UseCompactObjectHeaders 0
Narrow klass pointer bits 32, Max shift 3
Narrow klass base: 0x000001d180000000, Narrow klass shift: 0
Encoding Range: [0x000001d180000000 - 0x000001d280000000), (4294967296 bytes)
Klass Range:    [0x000001d180000000 - 0x000001d1c1000000), (1090519040 bytes)
Klass ID Range:  [8 - 1090519033) (1090519025)

GC Precious Log:
 CardTable entry size: 512
 Card Set container configuration: InlinePtr #cards 5 size 8 Array Of Cards #cards 10 size 36 Howl #buckets 4 coarsen threshold 1843 Howl Bitmap #cards 512 size 80 coarsen threshold 460 Card regions per heap region 1 cards per card region 2048
 CPUs: 12 total, 12 available
 Memory: 7863M
 Large Page Support: Disabled
 NUMA Support: Disabled
 Compressed Oops: Enabled (32-bit)
 Heap Region Size: 1M
 Heap Min Capacity: 8M
 Heap Initial Capacity: 124M
 Heap Max Capacity: 1966M
 Pre-touch: Disabled
 Parallel Workers: 10
 Concurrent Workers: 3
 Concurrent Refinement Workers: 10
 Periodic GC: Disabled

Heap:
 garbage-first heap   total reserved 2013184K, committed 129024K, used 11376K [0x0000000085200000, 0x0000000100000000)
  region size 1024K, 11 young (11264K), 0 survivors (0K)
 Metaspace       used 4703K, committed 4800K, reserved 1114112K
  class space    used 378K, committed 448K, reserved 1048576K

Heap Regions: E=young(eden), S=young(survivor), O=old, HS=humongous(starts), HC=humongous(continues), CS=collection set, F=free, TAMS=top-at-mark-start, PB=parsable bottom
|   0|0x0000000085200000, 0x0000000085200000, 0x0000000085300000|  0%| F|  |TAMS 0x0000000085200000| PB 0x0000000085200000| Untracked |  0
|   1|0x0000000085300000, 0x0000000085300000, 0x0000000085400000|  0%| F|  |TAMS 0x0000000085300000| PB 0x0000000085300000| Untracked |  0
|   2|0x0000000085400000, 0x0000000085400000, 0x0000000085500000|  0%| F|  |TAMS 0x0000000085400000| PB 0x0000000085400000| Untracked |  0
|   3|0x0000000085500000, 0x0000000085500000, 0x0000000085600000|  0%| F|  |TAMS 0x0000000085500000| PB 0x0000000085500000| Untracked |  0
|   4|0x0000000085600000, 0x0000000085600000, 0x0000000085700000|  0%| F|  |TAMS 0x0000000085600000| PB 0x0000000085600000| Untracked |  0
|   5|0x0000000085700000, 0x0000000085700000, 0x0000000085800000|  0%| F|  |TAMS 0x0000000085700000| PB 0x0000000085700000| Untracked |  0
|   6|0x0000000085800000, 0x0000000085800000, 0x0000000085900000|  0%| F|  |TAMS 0x0000000085800000| PB 0x0000000085800000| Untracked |  0
|   7|0x0000000085900000, 0x0000000085900000, 0x0000000085a00000|  0%| F|  |TAMS 0x0000000085900000| PB 0x0000000085900000| Untracked |  0
|   8|0x0000000085a00000, 0x0000000085a00000, 0x0000000085b00000|  0%| F|  |TAMS 0x0000000085a00000| PB 0x0000000085a00000| Untracked |  0
|   9|0x0000000085b00000, 0x0000000085b00000, 0x0000000085c00000|  0%| F|  |TAMS 0x0000000085b00000| PB 0x0000000085b00000| Untracked |  0
|  10|0x0000000085c00000, 0x0000000085c00000, 0x0000000085d00000|  0%| F|  |TAMS 0x0000000085c00000| PB 0x0000000085c00000| Untracked |  0
|  11|0x0000000085d00000, 0x0000000085d00000, 0x0000000085e00000|  0%| F|  |TAMS 0x0000000085d00000| PB 0x0000000085d00000| Untracked |  0
|  12|0x0000000085e00000, 0x0000000085e00000, 0x0000000085f00000|  0%| F|  |TAMS 0x0000000085e00000| PB 0x0000000085e00000| Untracked |  0
|  13|0x0000000085f00000, 0x0000000085f00000, 0x0000000086000000|  0%| F|  |TAMS 0x0000000085f00000| PB 0x0000000085f00000| Untracked |  0
|  14|0x0000000086000000, 0x0000000086000000, 0x0000000086100000|  0%| F|  |TAMS 0x0000000086000000| PB 0x0000000086000000| Untracked |  0
|  15|0x0000000086100000, 0x0000000086100000, 0x0000000086200000|  0%| F|  |TAMS 0x0000000086100000| PB 0x0000000086100000| Untracked |  0
|  16|0x0000000086200000, 0x0000000086200000, 0x0000000086300000|  0%| F|  |TAMS 0x0000000086200000| PB 0x0000000086200000| Untracked |  0
|  17|0x0000000086300000, 0x0000000086300000, 0x0000000086400000|  0%| F|  |TAMS 0x0000000086300000| PB 0x0000000086300000| Untracked |  0
|  18|0x0000000086400000, 0x0000000086400000, 0x0000000086500000|  0%| F|  |TAMS 0x0000000086400000| PB 0x0000000086400000| Untracked |  0
|  19|0x0000000086500000, 0x0000000086500000, 0x0000000086600000|  0%| F|  |TAMS 0x0000000086500000| PB 0x0000000086500000| Untracked |  0
|  20|0x0000000086600000, 0x0000000086600000, 0x0000000086700000|  0%| F|  |TAMS 0x0000000086600000| PB 0x0000000086600000| Untracked |  0
|  21|0x0000000086700000, 0x0000000086700000, 0x0000000086800000|  0%| F|  |TAMS 0x0000000086700000| PB 0x0000000086700000| Untracked |  0
|  22|0x0000000086800000, 0x0000000086800000, 0x0000000086900000|  0%| F|  |TAMS 0x0000000086800000| PB 0x0000000086800000| Untracked |  0
|  23|0x0000000086900000, 0x0000000086900000, 0x0000000086a00000|  0%| F|  |TAMS 0x0000000086900000| PB 0x0000000086900000| Untracked |  0
|  24|0x0000000086a00000, 0x0000000086a00000, 0x0000000086b00000|  0%| F|  |TAMS 0x0000000086a00000| PB 0x0000000086a00000| Untracked |  0
|  25|0x0000000086b00000, 0x0000000086b00000, 0x0000000086c00000|  0%| F|  |TAMS 0x0000000086b00000| PB 0x0000000086b00000| Untracked |  0
|  26|0x0000000086c00000, 0x0000000086c00000, 0x0000000086d00000|  0%| F|  |TAMS 0x0000000086c00000| PB 0x0000000086c00000| Untracked |  0
|  27|0x0000000086d00000, 0x0000000086d00000, 0x0000000086e00000|  0%| F|  |TAMS 0x0000000086d00000| PB 0x0000000086d00000| Untracked |  0
|  28|0x0000000086e00000, 0x0000000086e00000, 0x0000000086f00000|  0%| F|  |TAMS 0x0000000086e00000| PB 0x0000000086e00000| Untracked |  0
|  29|0x0000000086f00000, 0x0000000086f00000, 0x0000000087000000|  0%| F|  |TAMS 0x0000000086f00000| PB 0x0000000086f00000| Untracked |  0
|  30|0x0000000087000000, 0x0000000087000000, 0x0000000087100000|  0%| F|  |TAMS 0x0000000087000000| PB 0x0000000087000000| Untracked |  0
|  31|0x0000000087100000, 0x0000000087100000, 0x0000000087200000|  0%| F|  |TAMS 0x0000000087100000| PB 0x0000000087100000| Untracked |  0
|  32|0x0000000087200000, 0x0000000087200000, 0x0000000087300000|  0%| F|  |TAMS 0x0000000087200000| PB 0x0000000087200000| Untracked |  0
|  33|0x0000000087300000, 0x0000000087300000, 0x0000000087400000|  0%| F|  |TAMS 0x0000000087300000| PB 0x0000000087300000| Untracked |  0
|  34|0x0000000087400000, 0x0000000087400000, 0x0000000087500000|  0%| F|  |TAMS 0x0000000087400000| PB 0x0000000087400000| Untracked |  0
|  35|0x0000000087500000, 0x0000000087500000, 0x0000000087600000|  0%| F|  |TAMS 0x0000000087500000| PB 0x0000000087500000| Untracked |  0
|  36|0x0000000087600000, 0x0000000087600000, 0x0000000087700000|  0%| F|  |TAMS 0x0000000087600000| PB 0x0000000087600000| Untracked |  0
|  37|0x0000000087700000, 0x0000000087700000, 0x0000000087800000|  0%| F|  |TAMS 0x0000000087700000| PB 0x0000000087700000| Untracked |  0
|  38|0x0000000087800000, 0x0000000087800000, 0x0000000087900000|  0%| F|  |TAMS 0x0000000087800000| PB 0x0000000087800000| Untracked |  0
|  39|0x0000000087900000, 0x0000000087900000, 0x0000000087a00000|  0%| F|  |TAMS 0x0000000087900000| PB 0x0000000087900000| Untracked |  0
|  40|0x0000000087a00000, 0x0000000087a00000, 0x0000000087b00000|  0%| F|  |TAMS 0x0000000087a00000| PB 0x0000000087a00000| Untracked |  0
|  41|0x0000000087b00000, 0x0000000087b00000, 0x0000000087c00000|  0%| F|  |TAMS 0x0000000087b00000| PB 0x0000000087b00000| Untracked |  0
|  42|0x0000000087c00000, 0x0000000087c00000, 0x0000000087d00000|  0%| F|  |TAMS 0x0000000087c00000| PB 0x0000000087c00000| Untracked |  0
|  43|0x0000000087d00000, 0x0000000087d00000, 0x0000000087e00000|  0%| F|  |TAMS 0x0000000087d00000| PB 0x0000000087d00000| Untracked |  0
|  44|0x0000000087e00000, 0x0000000087e00000, 0x0000000087f00000|  0%| F|  |TAMS 0x0000000087e00000| PB 0x0000000087e00000| Untracked |  0
|  45|0x0000000087f00000, 0x0000000087f00000, 0x0000000088000000|  0%| F|  |TAMS 0x0000000087f00000| PB 0x0000000087f00000| Untracked |  0
|  46|0x0000000088000000, 0x0000000088000000, 0x0000000088100000|  0%| F|  |TAMS 0x0000000088000000| PB 0x0000000088000000| Untracked |  0
|  47|0x0000000088100000, 0x0000000088100000, 0x0000000088200000|  0%| F|  |TAMS 0x0000000088100000| PB 0x0000000088100000| Untracked |  0
|  48|0x0000000088200000, 0x0000000088200000, 0x0000000088300000|  0%| F|  |TAMS 0x0000000088200000| PB 0x0000000088200000| Untracked |  0
|  49|0x0000000088300000, 0x0000000088300000, 0x0000000088400000|  0%| F|  |TAMS 0x0000000088300000| PB 0x0000000088300000| Untracked |  0
|  50|0x0000000088400000, 0x0000000088400000, 0x0000000088500000|  0%| F|  |TAMS 0x0000000088400000| PB 0x0000000088400000| Untracked |  0
|  51|0x0000000088500000, 0x0000000088500000, 0x0000000088600000|  0%| F|  |TAMS 0x0000000088500000| PB 0x0000000088500000| Untracked |  0
|  52|0x0000000088600000, 0x0000000088600000, 0x0000000088700000|  0%| F|  |TAMS 0x0000000088600000| PB 0x0000000088600000| Untracked |  0
|  53|0x0000000088700000, 0x0000000088700000, 0x0000000088800000|  0%| F|  |TAMS 0x0000000088700000| PB 0x0000000088700000| Untracked |  0
|  54|0x0000000088800000, 0x0000000088800000, 0x0000000088900000|  0%| F|  |TAMS 0x0000000088800000| PB 0x0000000088800000| Untracked |  0
|  55|0x0000000088900000, 0x0000000088900000, 0x0000000088a00000|  0%| F|  |TAMS 0x0000000088900000| PB 0x0000000088900000| Untracked |  0
|  56|0x0000000088a00000, 0x0000000088a00000, 0x0000000088b00000|  0%| F|  |TAMS 0x0000000088a00000| PB 0x0000000088a00000| Untracked |  0
|  57|0x0000000088b00000, 0x0000000088b00000, 0x0000000088c00000|  0%| F|  |TAMS 0x0000000088b00000| PB 0x0000000088b00000| Untracked |  0
|  58|0x0000000088c00000, 0x0000000088c00000, 0x0000000088d00000|  0%| F|  |TAMS 0x0000000088c00000| PB 0x0000000088c00000| Untracked |  0
|  59|0x0000000088d00000, 0x0000000088d00000, 0x0000000088e00000|  0%| F|  |TAMS 0x0000000088d00000| PB 0x0000000088d00000| Untracked |  0
|  60|0x0000000088e00000, 0x0000000088e00000, 0x0000000088f00000|  0%| F|  |TAMS 0x0000000088e00000| PB 0x0000000088e00000| Untracked |  0
|  61|0x0000000088f00000, 0x0000000088f00000, 0x0000000089000000|  0%| F|  |TAMS 0x0000000088f00000| PB 0x0000000088f00000| Untracked |  0
|  62|0x0000000089000000, 0x0000000089000000, 0x0000000089100000|  0%| F|  |TAMS 0x0000000089000000| PB 0x0000000089000000| Untracked |  0
|  63|0x0000000089100000, 0x0000000089100000, 0x0000000089200000|  0%| F|  |TAMS 0x0000000089100000| PB 0x0000000089100000| Untracked |  0
|  64|0x0000000089200000, 0x0000000089200000, 0x0000000089300000|  0%| F|  |TAMS 0x0000000089200000| PB 0x0000000089200000| Untracked |  0
|  65|0x0000000089300000, 0x0000000089300000, 0x0000000089400000|  0%| F|  |TAMS 0x0000000089300000| PB 0x0000000089300000| Untracked |  0
|  66|0x0000000089400000, 0x0000000089400000, 0x0000000089500000|  0%| F|  |TAMS 0x0000000089400000| PB 0x0000000089400000| Untracked |  0
|  67|0x0000000089500000, 0x0000000089500000, 0x0000000089600000|  0%| F|  |TAMS 0x0000000089500000| PB 0x0000000089500000| Untracked |  0
|  68|0x0000000089600000, 0x0000000089600000, 0x0000000089700000|  0%| F|  |TAMS 0x0000000089600000| PB 0x0000000089600000| Untracked |  0
|  69|0x0000000089700000, 0x0000000089700000, 0x0000000089800000|  0%| F|  |TAMS 0x0000000089700000| PB 0x0000000089700000| Untracked |  0
|  70|0x0000000089800000, 0x0000000089800000, 0x0000000089900000|  0%| F|  |TAMS 0x0000000089800000| PB 0x0000000089800000| Untracked |  0
|  71|0x0000000089900000, 0x0000000089900000, 0x0000000089a00000|  0%| F|  |TAMS 0x0000000089900000| PB 0x0000000089900000| Untracked |  0
|  72|0x0000000089a00000, 0x0000000089a00000, 0x0000000089b00000|  0%| F|  |TAMS 0x0000000089a00000| PB 0x0000000089a00000| Untracked |  0
|  73|0x0000000089b00000, 0x0000000089b00000, 0x0000000089c00000|  0%| F|  |TAMS 0x0000000089b00000| PB 0x0000000089b00000| Untracked |  0
|  74|0x0000000089c00000, 0x0000000089c00000, 0x0000000089d00000|  0%| F|  |TAMS 0x0000000089c00000| PB 0x0000000089c00000| Untracked |  0
|  75|0x0000000089d00000, 0x0000000089d00000, 0x0000000089e00000|  0%| F|  |TAMS 0x0000000089d00000| PB 0x0000000089d00000| Untracked |  0
|  76|0x0000000089e00000, 0x0000000089e00000, 0x0000000089f00000|  0%| F|  |TAMS 0x0000000089e00000| PB 0x0000000089e00000| Untracked |  0
|  77|0x0000000089f00000, 0x0000000089f00000, 0x000000008a000000|  0%| F|  |TAMS 0x0000000089f00000| PB 0x0000000089f00000| Untracked |  0
|  78|0x000000008a000000, 0x000000008a000000, 0x000000008a100000|  0%| F|  |TAMS 0x000000008a000000| PB 0x000000008a000000| Untracked |  0
|  79|0x000000008a100000, 0x000000008a100000, 0x000000008a200000|  0%| F|  |TAMS 0x000000008a100000| PB 0x000000008a100000| Untracked |  0
|  80|0x000000008a200000, 0x000000008a200000, 0x000000008a300000|  0%| F|  |TAMS 0x000000008a200000| PB 0x000000008a200000| Untracked |  0
|  81|0x000000008a300000, 0x000000008a300000, 0x000000008a400000|  0%| F|  |TAMS 0x000000008a300000| PB 0x000000008a300000| Untracked |  0
|  82|0x000000008a400000, 0x000000008a400000, 0x000000008a500000|  0%| F|  |TAMS 0x000000008a400000| PB 0x000000008a400000| Untracked |  0
|  83|0x000000008a500000, 0x000000008a500000, 0x000000008a600000|  0%| F|  |TAMS 0x000000008a500000| PB 0x000000008a500000| Untracked |  0
|  84|0x000000008a600000, 0x000000008a600000, 0x000000008a700000|  0%| F|  |TAMS 0x000000008a600000| PB 0x000000008a600000| Untracked |  0
|  85|0x000000008a700000, 0x000000008a700000, 0x000000008a800000|  0%| F|  |TAMS 0x000000008a700000| PB 0x000000008a700000| Untracked |  0
|  86|0x000000008a800000, 0x000000008a800000, 0x000000008a900000|  0%| F|  |TAMS 0x000000008a800000| PB 0x000000008a800000| Untracked |  0
|  87|0x000000008a900000, 0x000000008a900000, 0x000000008aa00000|  0%| F|  |TAMS 0x000000008a900000| PB 0x000000008a900000| Untracked |  0
|  88|0x000000008aa00000, 0x000000008aa00000, 0x000000008ab00000|  0%| F|  |TAMS 0x000000008aa00000| PB 0x000000008aa00000| Untracked |  0
|  89|0x000000008ab00000, 0x000000008ab00000, 0x000000008ac00000|  0%| F|  |TAMS 0x000000008ab00000| PB 0x000000008ab00000| Untracked |  0
|  90|0x000000008ac00000, 0x000000008ac00000, 0x000000008ad00000|  0%| F|  |TAMS 0x000000008ac00000| PB 0x000000008ac00000| Untracked |  0
|  91|0x000000008ad00000, 0x000000008ad00000, 0x000000008ae00000|  0%| F|  |TAMS 0x000000008ad00000| PB 0x000000008ad00000| Untracked |  0
|  92|0x000000008ae00000, 0x000000008ae00000, 0x000000008af00000|  0%| F|  |TAMS 0x000000008ae00000| PB 0x000000008ae00000| Untracked |  0
|  93|0x000000008af00000, 0x000000008af00000, 0x000000008b000000|  0%| F|  |TAMS 0x000000008af00000| PB 0x000000008af00000| Untracked |  0
|  94|0x000000008b000000, 0x000000008b000000, 0x000000008b100000|  0%| F|  |TAMS 0x000000008b000000| PB 0x000000008b000000| Untracked |  0
|  95|0x000000008b100000, 0x000000008b100000, 0x000000008b200000|  0%| F|  |TAMS 0x000000008b100000| PB 0x000000008b100000| Untracked |  0
|  96|0x000000008b200000, 0x000000008b200000, 0x000000008b300000|  0%| F|  |TAMS 0x000000008b200000| PB 0x000000008b200000| Untracked |  0
|  97|0x000000008b300000, 0x000000008b300000, 0x000000008b400000|  0%| F|  |TAMS 0x000000008b300000| PB 0x000000008b300000| Untracked |  0
|  98|0x000000008b400000, 0x000000008b400000, 0x000000008b500000|  0%| F|  |TAMS 0x000000008b400000| PB 0x000000008b400000| Untracked |  0
|  99|0x000000008b500000, 0x000000008b500000, 0x000000008b600000|  0%| F|  |TAMS 0x000000008b500000| PB 0x000000008b500000| Untracked |  0
| 100|0x000000008b600000, 0x000000008b600000, 0x000000008b700000|  0%| F|  |TAMS 0x000000008b600000| PB 0x000000008b600000| Untracked |  0
| 101|0x000000008b700000, 0x000000008b700000, 0x000000008b800000|  0%| F|  |TAMS 0x000000008b700000| PB 0x000000008b700000| Untracked |  0
| 102|0x000000008b800000, 0x000000008b800000, 0x000000008b900000|  0%| F|  |TAMS 0x000000008b800000| PB 0x000000008b800000| Untracked |  0
| 103|0x000000008b900000, 0x000000008b900000, 0x000000008ba00000|  0%| F|  |TAMS 0x000000008b900000| PB 0x000000008b900000| Untracked |  0
| 104|0x000000008ba00000, 0x000000008ba00000, 0x000000008bb00000|  0%| F|  |TAMS 0x000000008ba00000| PB 0x000000008ba00000| Untracked |  0
| 105|0x000000008bb00000, 0x000000008bb00000, 0x000000008bc00000|  0%| F|  |TAMS 0x000000008bb00000| PB 0x000000008bb00000| Untracked |  0
| 106|0x000000008bc00000, 0x000000008bc00000, 0x000000008bd00000|  0%| F|  |TAMS 0x000000008bc00000| PB 0x000000008bc00000| Untracked |  0
| 107|0x000000008bd00000, 0x000000008bd00000, 0x000000008be00000|  0%| F|  |TAMS 0x000000008bd00000| PB 0x000000008bd00000| Untracked |  0
| 108|0x000000008be00000, 0x000000008be00000, 0x000000008bf00000|  0%| F|  |TAMS 0x000000008be00000| PB 0x000000008be00000| Untracked |  0
| 109|0x000000008bf00000, 0x000000008bf00000, 0x000000008c000000|  0%| F|  |TAMS 0x000000008bf00000| PB 0x000000008bf00000| Untracked |  0
| 110|0x000000008c000000, 0x000000008c000000, 0x000000008c100000|  0%| F|  |TAMS 0x000000008c000000| PB 0x000000008c000000| Untracked |  0
| 111|0x000000008c100000, 0x000000008c100000, 0x000000008c200000|  0%| F|  |TAMS 0x000000008c100000| PB 0x000000008c100000| Untracked |  0
| 112|0x000000008c200000, 0x000000008c200000, 0x000000008c300000|  0%| F|  |TAMS 0x000000008c200000| PB 0x000000008c200000| Untracked |  0
| 113|0x000000008c300000, 0x000000008c400000, 0x000000008c400000|100%| E|  |TAMS 0x000000008c300000| PB 0x000000008c300000| Complete |  0
| 114|0x000000008c400000, 0x000000008c500000, 0x000000008c500000|100%| E|CS|TAMS 0x000000008c400000| PB 0x000000008c400000| Complete |  0
| 115|0x000000008c500000, 0x000000008c600000, 0x000000008c600000|100%| E|CS|TAMS 0x000000008c500000| PB 0x000000008c500000| Complete |  0
| 116|0x000000008c600000, 0x000000008c700000, 0x000000008c700000|100%| E|CS|TAMS 0x000000008c600000| PB 0x000000008c600000| Complete |  0
| 117|0x000000008c700000, 0x000000008c800000, 0x000000008c800000|100%| E|CS|TAMS 0x000000008c700000| PB 0x000000008c700000| Complete |  0
| 118|0x000000008c800000, 0x000000008c900000, 0x000000008c900000|100%| E|CS|TAMS 0x000000008c800000| PB 0x000000008c800000| Complete |  0
| 119|0x000000008c900000, 0x000000008ca00000, 0x000000008ca00000|100%| E|CS|TAMS 0x000000008c900000| PB 0x000000008c900000| Complete |  0
| 120|0x000000008ca00000, 0x000000008cb00000, 0x000000008cb00000|100%| E|CS|TAMS 0x000000008ca00000| PB 0x000000008ca00000| Complete |  0
| 121|0x000000008cb00000, 0x000000008cc00000, 0x000000008cc00000|100%| E|CS|TAMS 0x000000008cb00000| PB 0x000000008cb00000| Complete |  0
| 122|0x000000008cc00000, 0x000000008cd00000, 0x000000008cd00000|100%| E|CS|TAMS 0x000000008cc00000| PB 0x000000008cc00000| Complete |  0
| 123|0x000000008cd00000, 0x000000008ce00000, 0x000000008ce00000|100%| E|CS|TAMS 0x000000008cd00000| PB 0x000000008cd00000| Complete |  0
|1964|0x00000000ffe00000, 0x00000000fff00000, 0x00000000fff00000|100%| O|  |TAMS 0x00000000ffe00000| PB 0x00000000ffe00000| Untracked |  0
|1965|0x00000000fff00000, 0x00000000fff1c2f8, 0x0000000100000000| 11%| O|  |TAMS 0x00000000fff00000| PB 0x00000000fff00000| Untracked |  0

Card table byte_map: [0x000001d1dd450000,0x000001d1dd830000] _byte_map_base: 0x000001d1dd027000

Marking Bits: (CMBitMap*) 0x000001d1c506e8e0
 Bits: [0x000001d1dd830000, 0x000001d1df6e8000)

Polling page: 0x000001d1c4690000

Metaspace:

Usage:
  Non-class:      4.22 MB used.
      Class:    378.07 KB used.
       Both:      4.59 MB used.

Virtual space:
  Non-class space:       64.00 MB reserved,       4.25 MB (  7%) committed,  1 nodes.
      Class space:        1.00 GB reserved,     448.00 KB ( <1%) committed,  1 nodes.
             Both:        1.06 GB reserved,       4.69 MB ( <1%) committed. 

Chunk freelists:
   Non-Class:  10.94 MB
       Class:  15.59 MB
        Both:  26.53 MB

MaxMetaspaceSize: unlimited
CompressedClassSpaceSize: 1.00 GB
Initial GC threshold: 21.00 MB
Current GC threshold: 21.00 MB
CDS: on
 - commit_granule_bytes: 65536.
 - commit_granule_words: 8192.
 - virtual_space_node_default_size: 8388608.
 - enlarge_chunks_in_place: 1.
UseCompressedClassPointers 1, UseCompactObjectHeaders 0
Narrow klass pointer bits 32, Max shift 3
Narrow klass base: 0x000001d180000000, Narrow klass shift: 0
Encoding Range: [0x000001d180000000 - 0x000001d280000000), (4294967296 bytes)
Klass Range:    [0x000001d180000000 - 0x000001d1c1000000), (1090519040 bytes)
Klass ID Range:  [8 - 1090519033) (1090519025)


Internal statistics:

num_allocs_failed_limit: 0.
num_arena_births: 56.
num_arena_deaths: 0.
num_vsnodes_births: 2.
num_vsnodes_deaths: 0.
num_space_committed: 75.
num_space_uncommitted: 0.
num_chunks_returned_to_freelist: 0.
num_chunks_taken_from_freelist: 62.
num_chunk_merges: 0.
num_chunk_splits: 41.
num_chunks_enlarged: 24.
num_inconsistent_stats: 0.

CodeHeap 'non-profiled nmethods': size=120064Kb used=192Kb max_used=192Kb free=119871Kb
 bounds [0x000001d1d55e0000, 0x000001d1d5850000, 0x000001d1dcb20000]
CodeHeap 'profiled nmethods': size=120000Kb used=1045Kb max_used=1045Kb free=118954Kb
 bounds [0x000001d1cdb20000, 0x000001d1cdd90000, 0x000001d1d5050000]
CodeHeap 'non-nmethods': size=5696Kb used=1367Kb max_used=1367Kb free=4328Kb
 bounds [0x000001d1d5050000, 0x000001d1d52c0000, 0x000001d1d55e0000]
CodeCache: size=245760Kb, used=2604Kb, max_used=2604Kb, free=243153Kb
 total_blobs=1265, nmethods=737, adapters=432, full_count=0
Compilation: enabled, stopped_count=0, restarted_count=0

Compilation events (20 events):
Event: 4.301 Thread 0x000001d1c1030090 nmethod 609 0x000001d1cdbe8d88 code [0x000001d1cdbe8ec0, 0x000001d1cdbe9260]
Event: 4.301 Thread 0x000001d1c1030090  610       1       jdk.internal.jimage.ImageHeader::getTableLength (5 bytes)
Event: 4.302 Thread 0x000001d1c1030090 nmethod 610 0x000001d1d5609e08 code [0x000001d1d5609f00, 0x000001d1d5609fc8]
Event: 4.309 Thread 0x000001d1c1030090  613       3       jdk.internal.misc.Unsafe::putReferenceRelease (9 bytes)
Event: 4.309 Thread 0x000001d1c1030090 nmethod 613 0x000001d1cdbe9288 code [0x000001d1cdbe93a0, 0x000001d1cdbe9500]
Event: 4.309 Thread 0x000001d1c1030090  614       3       java.util.concurrent.ConcurrentHashMap::setTabAt (20 bytes)
Event: 4.310 Thread 0x000001d1c1030090 nmethod 614 0x000001d1cdbe9588 code [0x000001d1cdbe96a0, 0x000001d1cdbe98b8]
Event: 4.310 Thread 0x000001d1c1030090  615       3       java.lang.StringUTF16::compress (47 bytes)
Event: 4.310 Thread 0x000001d1c1030090 nmethod 615 0x000001d1cdbe9908 code [0x000001d1cdbe9a40, 0x000001d1cdbe9c78]
Event: 4.310 Thread 0x000001d1c1030090  616       3       java.util.Properties::loadConvert (540 bytes)
Event: 4.311 Thread 0x000001d1c1030090 nmethod 616 0x000001d1cdbe9c88 code [0x000001d1cdbe9f00, 0x000001d1cdbeb508]
Event: 4.311 Thread 0x000001d1c1030090  617       3       java.util.concurrent.ConcurrentHashMap$BaseIterator::hasNext (13 bytes)
Event: 4.311 Thread 0x000001d1c1030090 nmethod 617 0x000001d1cdbeb588 code [0x000001d1cdbeb6a0, 0x000001d1cdbeb7f8]
Event: 4.311 Thread 0x000001d1c1030090  618       3       java.lang.CharacterDataLatin1::equalsIgnoreCase (63 bytes)
Event: 4.311 Thread 0x000001d1c1030090 nmethod 618 0x000001d1cdbeb888 code [0x000001d1cdbeb9c0, 0x000001d1cdbebc68]
Event: 4.311 Thread 0x000001d1c1030090  620       3       java.lang.CharacterDataLatin1::isUpperCase (16 bytes)
Event: 4.311 Thread 0x000001d1c1030090 nmethod 620 0x000001d1cdbebc88 code [0x000001d1cdbebda0, 0x000001d1cdbebf98]
Event: 4.311 Thread 0x000001d1c1030090  619       3       java.lang.Character::charCount (12 bytes)
Event: 4.311 Thread 0x000001d1c1030090 nmethod 619 0x000001d1cdbec008 code [0x000001d1cdbec120, 0x000001d1cdbec278]
Event: 4.311 Thread 0x000001d1c1030090  622       3       java.util.StringTokenizer::scanToken (179 bytes)

GC Heap History (0 events):
No events

Dll operation events (7 events):
Event: 0.008 Loaded shared library E:\Installed apps\Apache NetBeans\jdk\bin\java.dll
Event: 1.076 Loaded shared library E:\Installed apps\Apache NetBeans\jdk\bin\jsvml.dll
Event: 1.105 Loaded shared library E:\Installed apps\Apache NetBeans\jdk\bin\net.dll
Event: 1.106 Loaded shared library E:\Installed apps\Apache NetBeans\jdk\bin\nio.dll
Event: 1.125 Loaded shared library E:\Installed apps\Apache NetBeans\jdk\bin\zip.dll
Event: 1.134 Loaded shared library E:\Installed apps\Apache NetBeans\jdk\bin\jimage.dll
Event: 1.141 Loaded shared library E:\Installed apps\Apache NetBeans\jdk\bin\awt.dll

Deoptimization events (4 events):
Event: 3.240 Thread 0x000001d1c2cec980 Uncommon trap: trap_request=0xffffff4d fr.pc=0x000001d1d55f22e8 relative=0x00000000000008a8
Event: 3.240 Thread 0x000001d1c2cec980 Uncommon trap: reason=unstable_if action=reinterpret pc=0x000001d1d55f22e8 method=java.util.HashMap.putVal(ILjava/lang/Object;Ljava/lang/Object;ZZ)Ljava/lang/Object; @ 81 c2
Event: 3.240 Thread 0x000001d1c2cec980 DEOPT PACKING pc=0x000001d1d55f22e8 sp=0x000000a9ca9fe640
Event: 3.240 Thread 0x000001d1c2cec980 DEOPT UNPACKING pc=0x000001d1d5166302 sp=0x000000a9ca9fe5d0 mode 2

Classes loaded (20 events):
Event: 4.305 Loading class sun/awt/image/FetcherInfo
Event: 4.305 Loading class sun/awt/image/FetcherInfo done
Event: 4.306 Loading class sun/net/www/protocol/file/FileURLConnection
Event: 4.306 Loading class sun/net/www/URLConnection
Event: 4.306 Loading class java/net/URLConnection
Event: 4.308 Loading class java/net/URLConnection done
Event: 4.308 Loading class sun/net/www/URLConnection done
Event: 4.308 Loading class sun/net/www/protocol/file/FileURLConnection done
Event: 4.308 Loading class sun/net/www/MessageHeader
Event: 4.308 Loading class sun/net/www/MessageHeader done
Event: 4.308 Loading class java/net/URLConnection$1
Event: 4.308 Loading class java/net/FileNameMap
Event: 4.308 Loading class java/net/FileNameMap done
Event: 4.308 Loading class java/net/URLConnection$1 done
Event: 4.308 Loading class sun/net/www/MimeTable
Event: 4.308 Loading class sun/net/www/MimeTable done
Event: 4.309 Loading class sun/net/www/MimeTable$DefaultInstanceHolder
Event: 4.309 Loading class sun/net/www/MimeTable$DefaultInstanceHolder done
Event: 4.310 Loading class sun/net/www/MimeEntry
Event: 4.310 Loading class sun/net/www/MimeEntry done

Classes unloaded (0 events):
No events

Classes redefined (0 events):
No events

Internal exceptions (20 events):
Event: 1.107 Thread 0x000001d1c2cec980 Exception <a 'sun/nio/fs/WindowsException'{0x000000008ccda9b8}> (0x000000008ccda9b8) 
thrown [s\src\hotspot\share\prims\jni.cpp, line 518]
Event: 1.109 Thread 0x000001d1c2cec980 Exception <a 'sun/nio/fs/WindowsException'{0x000000008ccdd658}> (0x000000008ccdd658) 
thrown [s\src\hotspot\share\prims\jni.cpp, line 518]
Event: 1.109 Thread 0x000001d1c2cec980 Exception <a 'sun/nio/fs/WindowsException'{0x000000008ccde428}> (0x000000008ccde428) 
thrown [s\src\hotspot\share\prims\jni.cpp, line 518]
Event: 1.138 Thread 0x000001d1c2cec980 Exception <a 'java/lang/ClassNotFoundException'{0x000000008ca2adf8}: sun/awt/resources/spi/awtProvider> (0x000000008ca2adf8) 
thrown [s\src\hotspot\share\classfile\systemDictionary.cpp, line 327]
Event: 1.145 Thread 0x000001d1c2cec980 Exception <a 'java/io/FileNotFoundException'{0x000000008ca4b518}> (0x000000008ca4b518) 
thrown [s\src\hotspot\share\prims\jni.cpp, line 518]
Event: 1.147 Thread 0x000001d1c2cec980 Exception <a 'java/io/FileNotFoundException'{0x000000008ca5de00}> (0x000000008ca5de00) 
thrown [s\src\hotspot\share\prims\jni.cpp, line 518]
Event: 2.179 Thread 0x000001d1c2cec980 Exception <a 'java/lang/NoSuchMethodError'{0x000000008caa8e90}: 'java.lang.Object java.lang.invoke.DirectMethodHandle$Holder.invokeStaticInit(java.lang.Object)'> (0x000000008caa8e90) 
thrown [s\src\hotspot\share\interpreter\linkResolver.cpp, line 805]
Event: 3.209 Thread 0x000001d1c2cec980 Exception <a 'java/lang/NoSuchMethodError'{0x000000008cada6e0}: 'int java.lang.invoke.DirectMethodHandle$Holder.invokeStaticInit(java.lang.Object, int)'> (0x000000008cada6e0) 
thrown [s\src\hotspot\share\interpreter\linkResolver.cpp, line 805]
Event: 3.210 Thread 0x000001d1c2cec980 Exception <a 'java/lang/NoSuchMethodError'{0x000000008cae2f00}: 'long java.lang.invoke.DirectMethodHandle$Holder.invokeStatic(java.lang.Object, java.lang.Object)'> (0x000000008cae2f00) 
thrown [s\src\hotspot\share\interpreter\linkResolver.cpp, line 805]
Event: 3.211 Thread 0x000001d1c2cec980 Exception <a 'java/lang/NoSuchMethodError'{0x000000008caeaf20}: 'long java.lang.invoke.DirectMethodHandle$Holder.invokeStaticInit(java.lang.Object, java.lang.Object)'> (0x000000008caeaf20) 
thrown [s\src\hotspot\share\interpreter\linkResolver.cpp, line 805]
Event: 3.215 Thread 0x000001d1c2cec980 Exception <a 'java/lang/NoSuchMethodError'{0x000000008caf3768}: 'java.lang.Object java.lang.invoke.DirectMethodHandle$Holder.invokeStatic(java.lang.Object, long, java.lang.Object)'> (0x000000008caf3768) 
thrown [s\src\hotspot\share\interpreter\linkResolver.cpp, line 805]
Event: 3.216 Thread 0x000001d1c2cec980 Exception <a 'java/lang/NoSuchMethodError'{0x000000008cafb880}: 'java.lang.Object java.lang.invoke.DirectMethodHandle$Holder.invokeStaticInit(java.lang.Object, long, java.lang.Object)'> (0x000000008cafb880) 
thrown [s\src\hotspot\share\interpreter\linkResolver.cpp, line 805]
Event: 3.217 Thread 0x000001d1c2cec980 Exception <a 'java/lang/NoSuchMethodError'{0x000000008caffca8}: 'java.lang.Object java.lang.invoke.DirectMethodHandle$Holder.invokeStatic(java.lang.Object, long)'> (0x000000008caffca8) 
thrown [s\src\hotspot\share\interpreter\linkResolver.cpp, line 805]
Event: 3.218 Thread 0x000001d1c2cec980 Exception <a 'java/lang/NoSuchMethodError'{0x000000008c98bf88}: 'java.lang.Object java.lang.invoke.DirectMethodHandle$Holder.invokeStaticInit(java.lang.Object, long)'> (0x000000008c98bf88) 
thrown [s\src\hotspot\share\interpreter\linkResolver.cpp, line 805]
Event: 3.241 Thread 0x000001d1c2cec980 Exception <a 'java/lang/NoSuchMethodError'{0x000000008c9bc3d0}: 'void java.lang.invoke.DirectMethodHandle$Holder.invokeSpecial(java.lang.Object, java.lang.Object, java.lang.Object)'> (0x000000008c9bc3d0) 
thrown [s\src\hotspot\share\interpreter\linkResolver.cpp, line 805]
Event: 3.248 Thread 0x000001d1c2cec980 Exception <a 'java/lang/NoSuchMethodError'{0x000000008c82be40}: 'java.lang.Object java.lang.invoke.DirectMethodHandle$Holder.newInvokeSpecial(java.lang.Object, java.lang.Object, java.lang.Object, java.lang.Object, java.lang.Object)'> (0x000000008c82be40) 
thrown [s\src\hotspot\share\interpreter\linkResolver.cpp, line 805]
Event: 3.253 Thread 0x000001d1c2cec980 Exception <a 'java/lang/NoSuchMethodError'{0x000000008c894e68}: 'java.lang.Object java.lang.invoke.DirectMethodHandle$Holder.invokeStatic(java.lang.Object, int, java.lang.Object)'> (0x000000008c894e68) 
thrown [s\src\hotspot\share\interpreter\linkResolver.cpp, line 805]
Event: 4.278 Thread 0x000001d1c2cec980 Exception <a 'java/lang/ClassNotFoundException'{0x000000008c6c3a90}: com/sun/swing/internal/plaf/metal/resources/spi/metalProvider> (0x000000008c6c3a90) 
thrown [s\src\hotspot\share\classfile\systemDictionary.cpp, line 327]
Event: 4.279 Thread 0x000001d1c2cec980 Exception <a 'java/lang/ClassNotFoundException'{0x000000008c6c74f0}: com/sun/swing/internal/plaf/basic/resources/spi/basicProvider> (0x000000008c6c74f0) 
thrown [s\src\hotspot\share\classfile\systemDictionary.cpp, line 327]
Event: 4.296 Thread 0x000001d1c2cec980 Exception <a 'java/lang/NoSuchMethodError'{0x000000008c6f5018}: 'int java.lang.invoke.Invokers$Holder.invokeExact_MT(java.lang.Object, java.lang.Object)'> (0x000000008c6f5018) 
thrown [s\src\hotspot\share\interpreter\linkResolver.cpp, line 805]

VM Operations (2 events):
Event: 1.110 Executing VM operation: HandshakeAllThreads (Deoptimize)
Event: 1.110 Executing VM operation: HandshakeAllThreads (Deoptimize) done

Memory protections (0 events):
No events

Nmethod flushes (0 events):
No events

Events (18 events):
Event: 1.055 Thread 0x000001d1c2cec980 Thread added: 0x000001d1c2cec980
Event: 1.071 Thread 0x000001d1c2cec980 Thread added: 0x000001d1e1f2da30
Event: 1.071 Thread 0x000001d1c2cec980 Thread added: 0x000001d1e1f30cf0
Event: 1.072 Thread 0x000001d1c2cec980 Thread added: 0x000001d1e1f31820
Event: 1.072 Thread 0x000001d1c2cec980 Thread added: 0x000001d1e1f32350
Event: 1.072 Thread 0x000001d1c2cec980 Thread added: 0x000001d1e1f32e80
Event: 1.072 Thread 0x000001d1c2cec980 Thread added: 0x000001d1e1f367f0
Event: 1.072 Thread 0x000001d1c2cec980 Thread added: 0x000001d1e1f421e0
Event: 1.072 Thread 0x000001d1c2cec980 Thread added: 0x000001d1c1030090
Event: 1.103 Thread 0x000001d1c2cec980 Thread added: 0x000001d1c10eb450
Event: 1.115 Thread 0x000001d1e1f421e0 Thread added: 0x000001d1c1124db0
Event: 1.118 Thread 0x000001d1c2cec980 Thread added: 0x000001d1c1226da0
Event: 2.177 Thread 0x000001d1c1124db0 Thread exited: 0x000001d1c1124db0
Event: 2.191 Thread 0x000001d1c2cec980 Thread added: 0x000001d1c140dad0
Event: 2.191 Thread 0x000001d1c2cec980 Thread added: 0x000001d1c140e210
Event: 2.192 Thread 0x000001d1c2cec980 Thread added: 0x000001d1c18d23d0
Event: 4.276 Thread 0x000001d1c140e210 Thread exited: 0x000001d1c140e210
Event: 4.305 Thread 0x000001d1c2cec980 Thread added: 0x000001d1c1a06e70


Dynamic libraries:
0x00007ff7b9210000 - 0x00007ff7b921e000 	E:\Installed apps\Apache NetBeans\jdk\bin\java.exe
0x00007ff81b3e0000 - 0x00007ff81b648000 	C:\WINDOWS\SYSTEM32\ntdll.dll
0x00007ff819cb0000 - 0x00007ff819d79000 	C:\WINDOWS\System32\KERNEL32.DLL
0x00007ff818b70000 - 0x00007ff818f68000 	C:\WINDOWS\System32\KERNELBASE.dll
0x00007ff818530000 - 0x00007ff81867b000 	C:\WINDOWS\System32\ucrtbase.dll
0x00007fffda830000 - 0x00007fffda846000 	E:\Installed apps\Apache NetBeans\jdk\bin\jli.dll
0x00007fffdb830000 - 0x00007fffdb84e000 	E:\Installed apps\Apache NetBeans\jdk\bin\VCRUNTIME140.dll
0x00007ff819a60000 - 0x00007ff819c27000 	C:\WINDOWS\System32\USER32.dll
0x00007ff8189d0000 - 0x00007ff8189f7000 	C:\WINDOWS\System32\win32u.dll
0x00007fffefc00000 - 0x00007fffefe94000 	C:\WINDOWS\WinSxS\amd64_microsoft.windows.common-controls_6595b64144ccf1df_6.0.26100.7019_none_3e06ffa0e335b8a8\COMCTL32.dll
0x00007ff819a30000 - 0x00007ff819a5b000 	C:\WINDOWS\System32\GDI32.dll
0x00007ff8188a0000 - 0x00007ff8189cc000 	C:\WINDOWS\System32\gdi32full.dll
0x00007ff818ac0000 - 0x00007ff818b63000 	C:\WINDOWS\System32\msvcp_win.dll
0x00007ff819280000 - 0x00007ff819329000 	C:\WINDOWS\System32\msvcrt.dll
0x00007ff819430000 - 0x00007ff819461000 	C:\WINDOWS\System32\IMM32.DLL
0x00007fffe04f0000 - 0x00007fffe04fc000 	E:\Installed apps\Apache NetBeans\jdk\bin\vcruntime140_1.dll
0x00007fff93f50000 - 0x00007fff93fdd000 	E:\Installed apps\Apache NetBeans\jdk\bin\msvcp140.dll
0x00007fff92f50000 - 0x00007fff93dcc000 	E:\Installed apps\Apache NetBeans\jdk\bin\server\jvm.dll
0x00007ff81b2e0000 - 0x00007ff81b394000 	C:\WINDOWS\System32\ADVAPI32.dll
0x00007ff8195f0000 - 0x00007ff819696000 	C:\WINDOWS\System32\sechost.dll
0x00007ff81a420000 - 0x00007ff81a538000 	C:\WINDOWS\System32\RPCRT4.dll
0x00007ff819470000 - 0x00007ff8194e4000 	C:\WINDOWS\System32\WS2_32.dll
0x00007ff8183b0000 - 0x00007ff81840e000 	C:\WINDOWS\SYSTEM32\POWRPROF.dll
0x00007ff810420000 - 0x00007ff810455000 	C:\WINDOWS\SYSTEM32\WINMM.dll
0x00007ff801770000 - 0x00007ff80177b000 	C:\WINDOWS\SYSTEM32\VERSION.dll
0x00007ff818390000 - 0x00007ff8183a4000 	C:\WINDOWS\SYSTEM32\UMPDC.dll
0x00007ff8172b0000 - 0x00007ff8172cb000 	C:\WINDOWS\SYSTEM32\kernel.appcore.dll
0x00007fffda860000 - 0x00007fffda86a000 	E:\Installed apps\Apache NetBeans\jdk\bin\jimage.dll
0x00007ff815c20000 - 0x00007ff815e62000 	C:\WINDOWS\SYSTEM32\DBGHELP.DLL
0x00007ff8196a0000 - 0x00007ff819a2b000 	C:\WINDOWS\System32\combase.dll
0x00007ff819330000 - 0x00007ff819407000 	C:\WINDOWS\System32\OLEAUT32.dll
0x00007ff800200000 - 0x00007ff80023c000 	C:\WINDOWS\SYSTEM32\dbgcore.DLL
0x00007ff8187f0000 - 0x00007ff818895000 	C:\WINDOWS\System32\bcryptPrimitives.dll
0x00007fffdab20000 - 0x00007fffdab3e000 	E:\Installed apps\Apache NetBeans\jdk\bin\java.dll
0x00007ff819d80000 - 0x00007ff819f17000 	C:\WINDOWS\System32\ole32.dll
0x00007ff81a7b0000 - 0x00007ff81aeff000 	C:\WINDOWS\System32\SHELL32.dll
0x00007ff818680000 - 0x00007ff8187eb000 	C:\WINDOWS\System32\wintypes.dll
0x00007ff816110000 - 0x00007ff81696d000 	C:\WINDOWS\SYSTEM32\windows.storage.dll
0x00007ff8194f0000 - 0x00007ff8195e2000 	C:\WINDOWS\System32\SHCORE.dll
0x00007ff819f20000 - 0x00007ff819f87000 	C:\WINDOWS\System32\shlwapi.dll
0x00007ff818450000 - 0x00007ff818479000 	C:\WINDOWS\SYSTEM32\profapi.dll
0x00007fff93fe0000 - 0x00007fff940b7000 	E:\Installed apps\Apache NetBeans\jdk\bin\jsvml.dll
0x00007fffda820000 - 0x00007fffda830000 	E:\Installed apps\Apache NetBeans\jdk\bin\net.dll
0x00007ff817800000 - 0x00007ff81786b000 	C:\WINDOWS\system32\mswsock.dll
0x00007fffd8390000 - 0x00007fffd83a6000 	E:\Installed apps\Apache NetBeans\jdk\bin\nio.dll
0x00007fffd83b0000 - 0x00007fffd83c7000 	E:\Installed apps\Apache NetBeans\jdk\bin\zip.dll
0x00007fff92dd0000 - 0x00007fff92f4e000 	E:\Installed apps\Apache NetBeans\jdk\bin\awt.dll
0x00007ff814f40000 - 0x00007ff814fdf000 	C:\WINDOWS\SYSTEM32\apphelp.dll
0x00007ff8153e0000 - 0x00007ff815410000 	C:\WINDOWS\system32\DWMAPI.DLL
0x00007ff815150000 - 0x00007ff8151fa000 	C:\WINDOWS\system32\uxtheme.dll
0x00007fff92cc0000 - 0x00007fff92dcc000 	C:\WINDOWS\system32\opengl32.dll
0x00007fff94620000 - 0x00007fff9464d000 	C:\WINDOWS\SYSTEM32\GLU32.dll
0x00007ff815430000 - 0x00007ff815473000 	C:\WINDOWS\SYSTEM32\dxcore.dll
0x00007ff81a5b0000 - 0x00007ff81a70e000 	C:\WINDOWS\System32\MSCTF.dll

JVMTI agents: none

dbghelp: loaded successfully - version: 4.0.5 - missing functions: none
symbol engine: initialized successfully - sym options: 0x614 - pdb path: .;E:\Installed apps\Apache NetBeans\jdk\bin;C:\WINDOWS\SYSTEM32;C:\WINDOWS\WinSxS\amd64_microsoft.windows.common-controls_6595b64144ccf1df_6.0.26100.7019_none_3e06ffa0e335b8a8;E:\Installed apps\Apache NetBeans\jdk\bin\server

VM Arguments:
jvm_args: -Dfile.encoding=UTF-8 --module-path=D:\Study Material\University Material\5th_semester\Advanced programming Language 341,342\Project\Employee.Management.System\build\classes 
java_command: employee.management.system.Splash
java_class_path (initial): E:\downloads\Compressed\mysql-connector-j-9.5.0\mysql-connector-j-9.5.0\mysql-connector-j-9.5.0.jar;E:\downloads\Compressed\jcalendar-tz-1.3.3-4.jar;E:\downloads\Compressed\rs2xml.jar;D:\Study Material\University Material\5th_semester\Advanced programming Language 341,342\Project\Employee.Management.System\build\classes
Launcher Type: SUN_STANDARD

[Global flags]
     intx CICompilerCount                          = 4                                         {product} {ergonomic}
     uint ConcGCThreads                            = 3                                         {product} {ergonomic}
     uint G1ConcRefinementThreads                  = 10                                        {product} {ergonomic}
   size_t G1HeapRegionSize                         = 1048576                                   {product} {ergonomic}
   size_t InitialHeapSize                          = 130023424                                 {product} {ergonomic}
   size_t MarkStackSize                            = 4194304                                   {product} {ergonomic}
   size_t MarkStackSizeMax                         = 536870912                                 {product} {ergonomic}
   size_t MaxHeapSize                              = 2061500416                                {product} {ergonomic}
   size_t MaxNewSize                               = 1236271104                                {product} {ergonomic}
   size_t MinHeapDeltaBytes                        = 1048576                                   {product} {ergonomic}
   size_t MinHeapSize                              = 8388608                                   {product} {ergonomic}
    uintx NonNMethodCodeHeapSize                   = 5832704                                {pd product} {ergonomic}
    uintx NonProfiledCodeHeapSize                  = 122945536                              {pd product} {ergonomic}
    uintx ProfiledCodeHeapSize                     = 122880000                              {pd product} {ergonomic}
    uintx ReservedCodeCacheSize                    = 251658240                              {pd product} {ergonomic}
     bool SegmentedCodeCache                       = true                                      {product} {ergonomic}
   size_t SoftMaxHeapSize                          = 2061500416                             {manageable} {ergonomic}
     bool UseCompressedOops                        = true                           {product lp64_product} {ergonomic}
     bool UseG1GC                                  = true                                      {product} {ergonomic}
     bool UseLargePagesIndividualAllocation        = false                                  {pd product} {ergonomic}

Logging:
Log output configuration:
 #0: stdout all=warning uptime,level,tags foldmultilines=false
 #1: stderr all=off uptime,level,tags foldmultilines=false

Environment Variables:
PATH=C:\Program Files (x86)\Common Files\Oracle\Java\java8path;C:\Program Files (x86)\Common Files\Oracle\Java\javapath;C:\WINDOWS\system32;C:\WINDOWS;C:\WINDOWS\System32\Wbem;C:\WINDOWS\System32\WindowsPowerShell\v1.0\;C:\WINDOWS\System32\OpenSSH\;E:\Software\mingw64\bin;C:\MinGW\bin;C:\Program Files\Java\jre1.8.0_421\bin;C:\Program Files\dotnet\;C:\Users\ridu1\AppData\Local\Programs\Python\Python313;C:\Users\ridu1\AppData\Local\Programs\Python\Python313\Scripts;E:\downloads\Compressed\win_flex_bison-2.5.25;C:\Program Files\MySQL\MySQL Shell 8.0\bin\;C:\Users\ridu1\AppData\Local\Microsoft\WindowsApps;C:\Users\ridu1\AppData\Local\Programs\Microsoft VS Code\bin;E:\Installed apps\Flex Windows\gcc\bin;E:\Installed apps\Flex Windows\Lex\bin;E:\Installed apps\Flex Windows\bison\bin
USERNAME=junaed_1
OS=Windows_NT
PROCESSOR_IDENTIFIER=Intel64 Family 6 Model 154 Stepping 4, GenuineIntel
TMP=C:\Users\ridu1\AppData\Local\Temp
TEMP=C:\Users\ridu1\AppData\Local\Temp




Periodic native trim disabled

---------------  S Y S T E M  ---------------

OS:
 Windows 11 , 64 bit Build 26100 (10.0.26100.7019)
OS uptime: 0 days 5:53 hours
Hyper-V role detected

CPU: total 12 (initial active 12) (6 cores per cpu, 2 threads per core) family 6 model 154 stepping 4 microcode 0x432, cx8, cmov, fxsr, ht, mmx, 3dnowpref, sse, sse2, sse3, ssse3, sse4.1, sse4.2, popcnt, lzcnt, tsc, tscinvbit, avx, avx2, aes, erms, clmul, bmi1, bmi2, adx, sha, fma, vzeroupper, clflush, clflushopt, clwb, hv, serialize, rdtscp, rdpid, fsrm, gfni, f16c, cet_ibt, cet_ss
Processor Information for processor 0
  Max Mhz: 1300, Current Mhz: 1300, Mhz Limit: 1300
Processor Information for processor 1
  Max Mhz: 1300, Current Mhz: 1300, Mhz Limit: 1300
Processor Information for processor 2
  Max Mhz: 1300, Current Mhz: 1300, Mhz Limit: 1300
Processor Information for processor 3
  Max Mhz: 1300, Current Mhz: 1300, Mhz Limit: 1300
Processor Information for processor 4
  Max Mhz: 1300, Current Mhz: 900, Mhz Limit: 897
Processor Information for processor 5
  Max Mhz: 1300, Current Mhz: 900, Mhz Limit: 897
Processor Information for processor 6
  Max Mhz: 1300, Current Mhz: 900, Mhz Limit: 897
Processor Information for processor 7
  Max Mhz: 1300, Current Mhz: 900, Mhz Limit: 897
Processor Information for processor 8
  Max Mhz: 1300, Current Mhz: 900, Mhz Limit: 897
Processor Information for processor 9
  Max Mhz: 1300, Current Mhz: 900, Mhz Limit: 897
Processor Information for processor 10
  Max Mhz: 1300, Current Mhz: 900, Mhz Limit: 897
Processor Information for processor 11
  Max Mhz: 1300, Current Mhz: 900, Mhz Limit: 897

Memory: 4k page, system-wide physical 7863M (583M free)
TotalPageFile size 23229M (AvailPageFile size 0M)
current process WorkingSet (physical memory assigned to process): 65M, peak: 65M
current process commit charge ("private bytes"): 225M, peak: 226M

vm_info: OpenJDK 64-Bit Server VM (24.0.1+9) for windows-amd64 JRE (24.0.1+9) (Zulu24.30+11-CA), built on 2025-03-21T13:52:34Z with MS VC++ 17.1 (VS2022)

END.
