#
# There is insufficient memory for the Java Runtime Environment to continue.
# Native memory allocation (malloc) failed to allocate 484336 bytes. Error detail: Chunk::new
# Possible reasons:
#   The system is out of physical RAM or swap space
#   This process is running with CompressedOops enabled, and the Java Heap may be blocking the growth of the native heap
# Possible solutions:
#   Reduce memory load on the system
#   Increase physical memory or swap space
#   Check if swap backing store is full
#   Decrease Java heap size (-Xmx/-Xms)
#   Decrease number of Java threads
#   Decrease Java thread stack sizes (-Xss)
#   Set larger code cache with -XX:ReservedCodeCacheSize=
#   JVM is running with Unscaled Compressed Oops mode in which the Java heap is
#     placed in the first 4GB address space. The Java Heap base address is the
#     maximum limit for the native heap growth. Please use -XX:HeapBaseMinAddress
#     to set the Java Heap base and to place the Java Heap above 4GB virtual address.
# This output file may be truncated or incomplete.
#
#  Out of Memory Error (arena.cpp:162), pid=13132, tid=9780
#
# JRE version: OpenJDK Runtime Environment Zulu24.30+11-CA (24.0.1+9) (build 24.0.1+9)
# Java VM: OpenJDK 64-Bit Server VM Zulu24.30+11-CA (24.0.1+9, mixed mode, sharing, tiered, compressed oops, compressed class ptrs, g1 gc, windows-amd64)
# No core dump will be written. Minidumps are not enabled by default on client versions of Windows
#

---------------  S U M M A R Y ------------

Command Line: -Dfile.encoding=UTF-8 --module-path=D:\Study Material\University Material\5th_semester\Advanced programming Language 341,342\Project\Employee.Management.System\build\classes employee.management.system.Splash

Host: 12th Gen Intel(R) Core(TM) i5-1235U, 12 cores, 7G,  Windows 11 , 64 bit Build 26100 (10.0.26100.7019)
Time: Wed Nov 26 01:44:56 2025 Bangladesh Standard Time elapsed time: 2663.340665 seconds (0d 0h 44m 23s)

---------------  T H R E A D  ---------------

Current thread (0x00000213ffaad8a0):  JavaThread "C2 CompilerThread0" daemon [_thread_in_native, id=9780, stack(0x0000009c91f00000,0x0000009c92000000) (1024K)]


Current CompileTask:
C2:2663340 1589       4       javax.swing.JComponent::revalidate (53 bytes)

Stack: [0x0000009c91f00000,0x0000009c92000000]
Native frames: (J=compiled Java code, j=interpreted, Vv=VM code, C=native code)
V  [jvm.dll+0x7410c9]  (no source info available)
V  [jvm.dll+0x97def3]  (no source info available)
V  [jvm.dll+0x98021d]  (no source info available)
V  [jvm.dll+0x980893]  (no source info available)
V  [jvm.dll+0x2b5b16]  (no source info available)
V  [jvm.dll+0xd019f]  (no source info available)
V  [jvm.dll+0xd03ff]  (no source info available)
V  [jvm.dll+0x4011e2]  (no source info available)
V  [jvm.dll+0x3ccf50]  (no source info available)
V  [jvm.dll+0x3cc3da]  (no source info available)
V  [jvm.dll+0x27a39f]  (no source info available)
V  [jvm.dll+0x279641]  (no source info available)
V  [jvm.dll+0x1f313a]  (no source info available)
V  [jvm.dll+0x288e35]  (no source info available)
V  [jvm.dll+0x2870ca]  (no source info available)
V  [jvm.dll+0x43df56]  (no source info available)
V  [jvm.dll+0x920928]  (no source info available)
V  [jvm.dll+0x73f855]  (no source info available)
C  [ucrtbase.dll+0x37b0]  (no source info available)
C  [KERNEL32.DLL+0x2e8d7]  (no source info available)
C  [ntdll.dll+0x8c53c]  (no source info available)

Lock stack of current Java thread (top to bottom):


---------------  P R O C E S S  ---------------

Threads class SMR info:
_java_thread_list=0x00000213c7bffd10, length=16, elements={
0x00000213e22d3360, 0x00000213ffa96ca0, 0x00000213ffa973e0, 0x00000213ffa9a050,
0x00000213ffa9d2b0, 0x00000213ffa9bdf0, 0x00000213ffa9dde0, 0x00000213ffaad8a0,
0x00000213ffab11d0, 0x00000213c70a9510, 0x00000213c71b6510, 0x00000213c7408d40,
0x00000213c7882730, 0x00000213c7409480, 0x00000213c7a22220, 0x00000213c7c007a0
}

Java Threads: ( => current thread )
  0x00000213e22d3360 JavaThread "main"                              [_thread_blocked, id=4268, stack(0x0000009c91100000,0x0000009c91200000) (1024K)]
  0x00000213ffa96ca0 JavaThread "Reference Handler"          daemon [_thread_blocked, id=6456, stack(0x0000009c91900000,0x0000009c91a00000) (1024K)]
  0x00000213ffa973e0 JavaThread "Finalizer"                  daemon [_thread_blocked, id=15780, stack(0x0000009c91a00000,0x0000009c91b00000) (1024K)]
  0x00000213ffa9a050 JavaThread "Signal Dispatcher"          daemon [_thread_blocked, id=23724, stack(0x0000009c91b00000,0x0000009c91c00000) (1024K)]
  0x00000213ffa9d2b0 JavaThread "Attach Listener"            daemon [_thread_blocked, id=14464, stack(0x0000009c91c00000,0x0000009c91d00000) (1024K)]
  0x00000213ffa9bdf0 JavaThread "Service Thread"             daemon [_thread_blocked, id=7708, stack(0x0000009c91d00000,0x0000009c91e00000) (1024K)]
  0x00000213ffa9dde0 JavaThread "Monitor Deflation Thread"   daemon [_thread_blocked, id=1920, stack(0x0000009c91e00000,0x0000009c91f00000) (1024K)]
=>0x00000213ffaad8a0 JavaThread "C2 CompilerThread0"         daemon [_thread_in_native, id=9780, stack(0x0000009c91f00000,0x0000009c92000000) (1024K)]
  0x00000213ffab11d0 JavaThread "C1 CompilerThread0"         daemon [_thread_blocked, id=12352, stack(0x0000009c92000000,0x0000009c92100000) (1024K)]
  0x00000213c70a9510 JavaThread "Common-Cleaner"             daemon [_thread_blocked, id=19824, stack(0x0000009c92100000,0x0000009c92200000) (1024K)]
  0x00000213c71b6510 JavaThread "Notification Thread"        daemon [_thread_blocked, id=18628, stack(0x0000009c92300000,0x0000009c92400000) (1024K)]
  0x00000213c7408d40 JavaThread "Java2D Disposer"            daemon [_thread_blocked, id=23636, stack(0x0000009c92400000,0x0000009c92500000) (1024K)]
  0x00000213c7882730 JavaThread "AWT-Shutdown"                      [_thread_blocked, id=15116, stack(0x0000009c92500000,0x0000009c92600000) (1024K)]
  0x00000213c7409480 JavaThread "AWT-Windows"                daemon [_thread_in_native, id=17608, stack(0x0000009c92600000,0x0000009c92700000) (1024K)]
  0x00000213c7a22220 JavaThread "AWT-EventQueue-0"                  [_thread_blocked, id=1940, stack(0x0000009c92800000,0x0000009c92900000) (1024K)]
  0x00000213c7c007a0 JavaThread "TimerQueue"                 daemon [_thread_blocked, id=7008, stack(0x0000009c92c00000,0x0000009c92d00000) (1024K)]
Total: 16

Other Threads:
  0x00000213ffa892b0 VMThread "VM Thread"                           [id=10784, stack(0x0000009c91800000,0x0000009c91900000) (1024K)]
  0x00000213ffa78f60 WatcherThread "VM Periodic Task Thread"        [id=17900, stack(0x0000009c91700000,0x0000009c91800000) (1024K)]
  0x00000213e47ad990 WorkerThread "GC Thread#0"                     [id=3232, stack(0x0000009c91200000,0x0000009c91300000) (1024K)]
  0x00000213e47c1d10 ConcurrentGCThread "G1 Main Marker"            [id=19144, stack(0x0000009c91300000,0x0000009c91400000) (1024K)]
  0x00000213e47c3710 WorkerThread "G1 Conc#0"                       [id=10140, stack(0x0000009c91400000,0x0000009c91500000) (1024K)]
  0x00000213ff93d540 ConcurrentGCThread "G1 Refine#0"               [id=24492, stack(0x0000009c91500000,0x0000009c91600000) (1024K)]
  0x00000213ff93e0c0 ConcurrentGCThread "G1 Service"                [id=19152, stack(0x0000009c91600000,0x0000009c91700000) (1024K)]
Total: 7

Threads with active compile tasks:
C2 CompilerThread0  2663396 1589       4       javax.swing.JComponent::revalidate (53 bytes)
Total: 1

VM state: not at safepoint (normal execution)

VM Mutex/Monitor currently owned by a thread: None

Heap address: 0x0000000085200000, size: 1966 MB, Compressed Oops mode: 32-bit

CDS archive(s) mapped at: [0x0000021382000000-0x0000021382d40000-0x0000021382d40000), size 13893632, SharedBaseAddress: 0x0000021382000000, ArchiveRelocationMode: 1.
Compressed class space mapped at: 0x0000021383000000-0x00000213c3000000, reserved size: 1073741824
UseCompressedClassPointers 1, UseCompactObjectHeaders 0
Narrow klass pointer bits 32, Max shift 3
Narrow klass base: 0x0000021382000000, Narrow klass shift: 0
Encoding Range: [0x0000021382000000 - 0x0000021482000000), (4294967296 bytes)
Klass Range:    [0x0000021382000000 - 0x00000213c3000000), (1090519040 bytes)
Klass ID Range:  [8 - 1090519033) (1090519025)

GC Precious Log:
 CardTable entry size: 512
 Card Set container configuration: InlinePtr #cards 5 size 8 Array Of Cards #cards 10 size 36 Howl #buckets 4 coarsen threshold 1843 Howl Bitmap #cards 512 size 80 coarsen threshold 460 Card regions per heap region 1 cards per card region 2048
 CPUs: 12 total, 12 available
 Memory: 7863M
 Large Page Support: Disabled
 NUMA Support: Disabled
 Compressed Oops: Enabled (32-bit)
 Heap Region Size: 1M
 Heap Min Capacity: 8M
 Heap Initial Capacity: 124M
 Heap Max Capacity: 1966M
 Pre-touch: Disabled
 Parallel Workers: 10
 Concurrent Workers: 3
 Concurrent Refinement Workers: 10
 Periodic GC: Disabled

Heap:
 garbage-first heap   total reserved 2013184K, committed 129024K, used 36976K [0x0000000085200000, 0x0000000100000000)
  region size 1024K, 24 young (24576K), 0 survivors (0K)
 Metaspace       used 10099K, committed 10304K, reserved 1114112K
  class space    used 873K, committed 960K, reserved 1048576K

Heap Regions: E=young(eden), S=young(survivor), O=old, HS=humongous(starts), HC=humongous(continues), CS=collection set, F=free, TAMS=top-at-mark-start, PB=parsable bottom
|   0|0x0000000085200000, 0x0000000085300000, 0x0000000085300000|100%|HS|  |TAMS 0x0000000085200000| PB 0x0000000085200000| Complete |  0
|   1|0x0000000085300000, 0x0000000085400000, 0x0000000085400000|100%|HC|  |TAMS 0x0000000085300000| PB 0x0000000085300000| Complete |  0
|   2|0x0000000085400000, 0x0000000085500000, 0x0000000085500000|100%|HC|  |TAMS 0x0000000085400000| PB 0x0000000085400000| Complete |  0
|   3|0x0000000085500000, 0x0000000085600000, 0x0000000085600000|100%|HC|  |TAMS 0x0000000085500000| PB 0x0000000085500000| Complete |  0
|   4|0x0000000085600000, 0x0000000085700000, 0x0000000085700000|100%|HS|  |TAMS 0x0000000085600000| PB 0x0000000085600000| Complete |  0
|   5|0x0000000085700000, 0x0000000085800000, 0x0000000085800000|100%|HC|  |TAMS 0x0000000085700000| PB 0x0000000085700000| Complete |  0
|   6|0x0000000085800000, 0x0000000085900000, 0x0000000085900000|100%|HC|  |TAMS 0x0000000085800000| PB 0x0000000085800000| Complete |  0
|   7|0x0000000085900000, 0x0000000085a00000, 0x0000000085a00000|100%|HS|  |TAMS 0x0000000085900000| PB 0x0000000085900000| Complete |  0
|   8|0x0000000085a00000, 0x0000000085b00000, 0x0000000085b00000|100%|HC|  |TAMS 0x0000000085a00000| PB 0x0000000085a00000| Complete |  0
|   9|0x0000000085b00000, 0x0000000085c00000, 0x0000000085c00000|100%|HC|  |TAMS 0x0000000085b00000| PB 0x0000000085b00000| Complete |  0
|  10|0x0000000085c00000, 0x0000000085d00000, 0x0000000085d00000|100%|HS|  |TAMS 0x0000000085c00000| PB 0x0000000085c00000| Complete |  0
|  11|0x0000000085d00000, 0x0000000085e00000, 0x0000000085e00000|100%|HC|  |TAMS 0x0000000085d00000| PB 0x0000000085d00000| Complete |  0
|  12|0x0000000085e00000, 0x0000000085e00000, 0x0000000085f00000|  0%| F|  |TAMS 0x0000000085e00000| PB 0x0000000085e00000| Untracked |  0
|  13|0x0000000085f00000, 0x0000000085f00000, 0x0000000086000000|  0%| F|  |TAMS 0x0000000085f00000| PB 0x0000000085f00000| Untracked |  0
|  14|0x0000000086000000, 0x0000000086000000, 0x0000000086100000|  0%| F|  |TAMS 0x0000000086000000| PB 0x0000000086000000| Untracked |  0
|  15|0x0000000086100000, 0x0000000086100000, 0x0000000086200000|  0%| F|  |TAMS 0x0000000086100000| PB 0x0000000086100000| Untracked |  0
|  16|0x0000000086200000, 0x0000000086200000, 0x0000000086300000|  0%| F|  |TAMS 0x0000000086200000| PB 0x0000000086200000| Untracked |  0
|  17|0x0000000086300000, 0x0000000086300000, 0x0000000086400000|  0%| F|  |TAMS 0x0000000086300000| PB 0x0000000086300000| Untracked |  0
|  18|0x0000000086400000, 0x0000000086400000, 0x0000000086500000|  0%| F|  |TAMS 0x0000000086400000| PB 0x0000000086400000| Untracked |  0
|  19|0x0000000086500000, 0x0000000086500000, 0x0000000086600000|  0%| F|  |TAMS 0x0000000086500000| PB 0x0000000086500000| Untracked |  0
|  20|0x0000000086600000, 0x0000000086600000, 0x0000000086700000|  0%| F|  |TAMS 0x0000000086600000| PB 0x0000000086600000| Untracked |  0
|  21|0x0000000086700000, 0x0000000086700000, 0x0000000086800000|  0%| F|  |TAMS 0x0000000086700000| PB 0x0000000086700000| Untracked |  0
|  22|0x0000000086800000, 0x0000000086800000, 0x0000000086900000|  0%| F|  |TAMS 0x0000000086800000| PB 0x0000000086800000| Untracked |  0
|  23|0x0000000086900000, 0x0000000086900000, 0x0000000086a00000|  0%| F|  |TAMS 0x0000000086900000| PB 0x0000000086900000| Untracked |  0
|  24|0x0000000086a00000, 0x0000000086a00000, 0x0000000086b00000|  0%| F|  |TAMS 0x0000000086a00000| PB 0x0000000086a00000| Untracked |  0
|  25|0x0000000086b00000, 0x0000000086b00000, 0x0000000086c00000|  0%| F|  |TAMS 0x0000000086b00000| PB 0x0000000086b00000| Untracked |  0
|  26|0x0000000086c00000, 0x0000000086c00000, 0x0000000086d00000|  0%| F|  |TAMS 0x0000000086c00000| PB 0x0000000086c00000| Untracked |  0
|  27|0x0000000086d00000, 0x0000000086d00000, 0x0000000086e00000|  0%| F|  |TAMS 0x0000000086d00000| PB 0x0000000086d00000| Untracked |  0
|  28|0x0000000086e00000, 0x0000000086e00000, 0x0000000086f00000|  0%| F|  |TAMS 0x0000000086e00000| PB 0x0000000086e00000| Untracked |  0
|  29|0x0000000086f00000, 0x0000000086f00000, 0x0000000087000000|  0%| F|  |TAMS 0x0000000086f00000| PB 0x0000000086f00000| Untracked |  0
|  30|0x0000000087000000, 0x0000000087000000, 0x0000000087100000|  0%| F|  |TAMS 0x0000000087000000| PB 0x0000000087000000| Untracked |  0
|  31|0x0000000087100000, 0x0000000087100000, 0x0000000087200000|  0%| F|  |TAMS 0x0000000087100000| PB 0x0000000087100000| Untracked |  0
|  32|0x0000000087200000, 0x0000000087200000, 0x0000000087300000|  0%| F|  |TAMS 0x0000000087200000| PB 0x0000000087200000| Untracked |  0
|  33|0x0000000087300000, 0x0000000087300000, 0x0000000087400000|  0%| F|  |TAMS 0x0000000087300000| PB 0x0000000087300000| Untracked |  0
|  34|0x0000000087400000, 0x0000000087400000, 0x0000000087500000|  0%| F|  |TAMS 0x0000000087400000| PB 0x0000000087400000| Untracked |  0
|  35|0x0000000087500000, 0x0000000087500000, 0x0000000087600000|  0%| F|  |TAMS 0x0000000087500000| PB 0x0000000087500000| Untracked |  0
|  36|0x0000000087600000, 0x0000000087600000, 0x0000000087700000|  0%| F|  |TAMS 0x0000000087600000| PB 0x0000000087600000| Untracked |  0
|  37|0x0000000087700000, 0x0000000087700000, 0x0000000087800000|  0%| F|  |TAMS 0x0000000087700000| PB 0x0000000087700000| Untracked |  0
|  38|0x0000000087800000, 0x0000000087800000, 0x0000000087900000|  0%| F|  |TAMS 0x0000000087800000| PB 0x0000000087800000| Untracked |  0
|  39|0x0000000087900000, 0x0000000087900000, 0x0000000087a00000|  0%| F|  |TAMS 0x0000000087900000| PB 0x0000000087900000| Untracked |  0
|  40|0x0000000087a00000, 0x0000000087a00000, 0x0000000087b00000|  0%| F|  |TAMS 0x0000000087a00000| PB 0x0000000087a00000| Untracked |  0
|  41|0x0000000087b00000, 0x0000000087b00000, 0x0000000087c00000|  0%| F|  |TAMS 0x0000000087b00000| PB 0x0000000087b00000| Untracked |  0
|  42|0x0000000087c00000, 0x0000000087c00000, 0x0000000087d00000|  0%| F|  |TAMS 0x0000000087c00000| PB 0x0000000087c00000| Untracked |  0
|  43|0x0000000087d00000, 0x0000000087d00000, 0x0000000087e00000|  0%| F|  |TAMS 0x0000000087d00000| PB 0x0000000087d00000| Untracked |  0
|  44|0x0000000087e00000, 0x0000000087e00000, 0x0000000087f00000|  0%| F|  |TAMS 0x0000000087e00000| PB 0x0000000087e00000| Untracked |  0
|  45|0x0000000087f00000, 0x0000000087f00000, 0x0000000088000000|  0%| F|  |TAMS 0x0000000087f00000| PB 0x0000000087f00000| Untracked |  0
|  46|0x0000000088000000, 0x0000000088000000, 0x0000000088100000|  0%| F|  |TAMS 0x0000000088000000| PB 0x0000000088000000| Untracked |  0
|  47|0x0000000088100000, 0x0000000088100000, 0x0000000088200000|  0%| F|  |TAMS 0x0000000088100000| PB 0x0000000088100000| Untracked |  0
|  48|0x0000000088200000, 0x0000000088200000, 0x0000000088300000|  0%| F|  |TAMS 0x0000000088200000| PB 0x0000000088200000| Untracked |  0
|  49|0x0000000088300000, 0x0000000088300000, 0x0000000088400000|  0%| F|  |TAMS 0x0000000088300000| PB 0x0000000088300000| Untracked |  0
|  50|0x0000000088400000, 0x0000000088400000, 0x0000000088500000|  0%| F|  |TAMS 0x0000000088400000| PB 0x0000000088400000| Untracked |  0
|  51|0x0000000088500000, 0x0000000088500000, 0x0000000088600000|  0%| F|  |TAMS 0x0000000088500000| PB 0x0000000088500000| Untracked |  0
|  52|0x0000000088600000, 0x0000000088600000, 0x0000000088700000|  0%| F|  |TAMS 0x0000000088600000| PB 0x0000000088600000| Untracked |  0
|  53|0x0000000088700000, 0x0000000088700000, 0x0000000088800000|  0%| F|  |TAMS 0x0000000088700000| PB 0x0000000088700000| Untracked |  0
|  54|0x0000000088800000, 0x0000000088800000, 0x0000000088900000|  0%| F|  |TAMS 0x0000000088800000| PB 0x0000000088800000| Untracked |  0
|  55|0x0000000088900000, 0x0000000088900000, 0x0000000088a00000|  0%| F|  |TAMS 0x0000000088900000| PB 0x0000000088900000| Untracked |  0
|  56|0x0000000088a00000, 0x0000000088a00000, 0x0000000088b00000|  0%| F|  |TAMS 0x0000000088a00000| PB 0x0000000088a00000| Untracked |  0
|  57|0x0000000088b00000, 0x0000000088b00000, 0x0000000088c00000|  0%| F|  |TAMS 0x0000000088b00000| PB 0x0000000088b00000| Untracked |  0
|  58|0x0000000088c00000, 0x0000000088c00000, 0x0000000088d00000|  0%| F|  |TAMS 0x0000000088c00000| PB 0x0000000088c00000| Untracked |  0
|  59|0x0000000088d00000, 0x0000000088d00000, 0x0000000088e00000|  0%| F|  |TAMS 0x0000000088d00000| PB 0x0000000088d00000| Untracked |  0
|  60|0x0000000088e00000, 0x0000000088e00000, 0x0000000088f00000|  0%| F|  |TAMS 0x0000000088e00000| PB 0x0000000088e00000| Untracked |  0
|  61|0x0000000088f00000, 0x0000000088f00000, 0x0000000089000000|  0%| F|  |TAMS 0x0000000088f00000| PB 0x0000000088f00000| Untracked |  0
|  62|0x0000000089000000, 0x0000000089000000, 0x0000000089100000|  0%| F|  |TAMS 0x0000000089000000| PB 0x0000000089000000| Untracked |  0
|  63|0x0000000089100000, 0x0000000089100000, 0x0000000089200000|  0%| F|  |TAMS 0x0000000089100000| PB 0x0000000089100000| Untracked |  0
|  64|0x0000000089200000, 0x0000000089200000, 0x0000000089300000|  0%| F|  |TAMS 0x0000000089200000| PB 0x0000000089200000| Untracked |  0
|  65|0x0000000089300000, 0x0000000089300000, 0x0000000089400000|  0%| F|  |TAMS 0x0000000089300000| PB 0x0000000089300000| Untracked |  0
|  66|0x0000000089400000, 0x0000000089400000, 0x0000000089500000|  0%| F|  |TAMS 0x0000000089400000| PB 0x0000000089400000| Untracked |  0
|  67|0x0000000089500000, 0x0000000089500000, 0x0000000089600000|  0%| F|  |TAMS 0x0000000089500000| PB 0x0000000089500000| Untracked |  0
|  68|0x0000000089600000, 0x0000000089600000, 0x0000000089700000|  0%| F|  |TAMS 0x0000000089600000| PB 0x0000000089600000| Untracked |  0
|  69|0x0000000089700000, 0x0000000089700000, 0x0000000089800000|  0%| F|  |TAMS 0x0000000089700000| PB 0x0000000089700000| Untracked |  0
|  70|0x0000000089800000, 0x0000000089800000, 0x0000000089900000|  0%| F|  |TAMS 0x0000000089800000| PB 0x0000000089800000| Untracked |  0
|  71|0x0000000089900000, 0x0000000089900000, 0x0000000089a00000|  0%| F|  |TAMS 0x0000000089900000| PB 0x0000000089900000| Untracked |  0
|  72|0x0000000089a00000, 0x0000000089a00000, 0x0000000089b00000|  0%| F|  |TAMS 0x0000000089a00000| PB 0x0000000089a00000| Untracked |  0
|  73|0x0000000089b00000, 0x0000000089b00000, 0x0000000089c00000|  0%| F|  |TAMS 0x0000000089b00000| PB 0x0000000089b00000| Untracked |  0
|  74|0x0000000089c00000, 0x0000000089c00000, 0x0000000089d00000|  0%| F|  |TAMS 0x0000000089c00000| PB 0x0000000089c00000| Untracked |  0
|  75|0x0000000089d00000, 0x0000000089d00000, 0x0000000089e00000|  0%| F|  |TAMS 0x0000000089d00000| PB 0x0000000089d00000| Untracked |  0
|  76|0x0000000089e00000, 0x0000000089e00000, 0x0000000089f00000|  0%| F|  |TAMS 0x0000000089e00000| PB 0x0000000089e00000| Untracked |  0
|  77|0x0000000089f00000, 0x0000000089f00000, 0x000000008a000000|  0%| F|  |TAMS 0x0000000089f00000| PB 0x0000000089f00000| Untracked |  0
|  78|0x000000008a000000, 0x000000008a000000, 0x000000008a100000|  0%| F|  |TAMS 0x000000008a000000| PB 0x000000008a000000| Untracked |  0
|  79|0x000000008a100000, 0x000000008a100000, 0x000000008a200000|  0%| F|  |TAMS 0x000000008a100000| PB 0x000000008a100000| Untracked |  0
|  80|0x000000008a200000, 0x000000008a200000, 0x000000008a300000|  0%| F|  |TAMS 0x000000008a200000| PB 0x000000008a200000| Untracked |  0
|  81|0x000000008a300000, 0x000000008a300000, 0x000000008a400000|  0%| F|  |TAMS 0x000000008a300000| PB 0x000000008a300000| Untracked |  0
|  82|0x000000008a400000, 0x000000008a400000, 0x000000008a500000|  0%| F|  |TAMS 0x000000008a400000| PB 0x000000008a400000| Untracked |  0
|  83|0x000000008a500000, 0x000000008a500000, 0x000000008a600000|  0%| F|  |TAMS 0x000000008a500000| PB 0x000000008a500000| Untracked |  0
|  84|0x000000008a600000, 0x000000008a600000, 0x000000008a700000|  0%| F|  |TAMS 0x000000008a600000| PB 0x000000008a600000| Untracked |  0
|  85|0x000000008a700000, 0x000000008a700000, 0x000000008a800000|  0%| F|  |TAMS 0x000000008a700000| PB 0x000000008a700000| Untracked |  0
|  86|0x000000008a800000, 0x000000008a800000, 0x000000008a900000|  0%| F|  |TAMS 0x000000008a800000| PB 0x000000008a800000| Untracked |  0
|  87|0x000000008a900000, 0x000000008a900000, 0x000000008aa00000|  0%| F|  |TAMS 0x000000008a900000| PB 0x000000008a900000| Untracked |  0
|  88|0x000000008aa00000, 0x000000008aa00000, 0x000000008ab00000|  0%| F|  |TAMS 0x000000008aa00000| PB 0x000000008aa00000| Untracked |  0
|  89|0x000000008ab00000, 0x000000008ab00000, 0x000000008ac00000|  0%| F|  |TAMS 0x000000008ab00000| PB 0x000000008ab00000| Untracked |  0
|  90|0x000000008ac00000, 0x000000008ac00000, 0x000000008ad00000|  0%| F|  |TAMS 0x000000008ac00000| PB 0x000000008ac00000| Untracked |  0
|  91|0x000000008ad00000, 0x000000008ad00000, 0x000000008ae00000|  0%| F|  |TAMS 0x000000008ad00000| PB 0x000000008ad00000| Untracked |  0
|  92|0x000000008ae00000, 0x000000008ae00000, 0x000000008af00000|  0%| F|  |TAMS 0x000000008ae00000| PB 0x000000008ae00000| Untracked |  0
|  93|0x000000008af00000, 0x000000008af00000, 0x000000008b000000|  0%| F|  |TAMS 0x000000008af00000| PB 0x000000008af00000| Untracked |  0
|  94|0x000000008b000000, 0x000000008b000000, 0x000000008b100000|  0%| F|  |TAMS 0x000000008b000000| PB 0x000000008b000000| Untracked |  0
|  95|0x000000008b100000, 0x000000008b100000, 0x000000008b200000|  0%| F|  |TAMS 0x000000008b100000| PB 0x000000008b100000| Untracked |  0
|  96|0x000000008b200000, 0x000000008b200000, 0x000000008b300000|  0%| F|  |TAMS 0x000000008b200000| PB 0x000000008b200000| Untracked |  0
|  97|0x000000008b300000, 0x000000008b300000, 0x000000008b400000|  0%| F|  |TAMS 0x000000008b300000| PB 0x000000008b300000| Untracked |  0
|  98|0x000000008b400000, 0x000000008b400000, 0x000000008b500000|  0%| F|  |TAMS 0x000000008b400000| PB 0x000000008b400000| Untracked |  0
|  99|0x000000008b500000, 0x000000008b500000, 0x000000008b600000|  0%| F|  |TAMS 0x000000008b500000| PB 0x000000008b500000| Untracked |  0
| 100|0x000000008b600000, 0x000000008b680000, 0x000000008b700000| 50%| E|  |TAMS 0x000000008b600000| PB 0x000000008b600000| Complete |  0
| 101|0x000000008b700000, 0x000000008b800000, 0x000000008b800000|100%| E|CS|TAMS 0x000000008b700000| PB 0x000000008b700000| Complete |  0
| 102|0x000000008b800000, 0x000000008b900000, 0x000000008b900000|100%| E|CS|TAMS 0x000000008b800000| PB 0x000000008b800000| Complete |  0
| 103|0x000000008b900000, 0x000000008ba00000, 0x000000008ba00000|100%| E|CS|TAMS 0x000000008b900000| PB 0x000000008b900000| Complete |  0
| 104|0x000000008ba00000, 0x000000008bb00000, 0x000000008bb00000|100%| E|CS|TAMS 0x000000008ba00000| PB 0x000000008ba00000| Complete |  0
| 105|0x000000008bb00000, 0x000000008bc00000, 0x000000008bc00000|100%| E|CS|TAMS 0x000000008bb00000| PB 0x000000008bb00000| Complete |  0
| 106|0x000000008bc00000, 0x000000008bd00000, 0x000000008bd00000|100%| E|CS|TAMS 0x000000008bc00000| PB 0x000000008bc00000| Complete |  0
| 107|0x000000008bd00000, 0x000000008be00000, 0x000000008be00000|100%| E|CS|TAMS 0x000000008bd00000| PB 0x000000008bd00000| Complete |  0
| 108|0x000000008be00000, 0x000000008bf00000, 0x000000008bf00000|100%| E|CS|TAMS 0x000000008be00000| PB 0x000000008be00000| Complete |  0
| 109|0x000000008bf00000, 0x000000008c000000, 0x000000008c000000|100%| E|CS|TAMS 0x000000008bf00000| PB 0x000000008bf00000| Complete |  0
| 110|0x000000008c000000, 0x000000008c100000, 0x000000008c100000|100%| E|CS|TAMS 0x000000008c000000| PB 0x000000008c000000| Complete |  0
| 111|0x000000008c100000, 0x000000008c200000, 0x000000008c200000|100%| E|CS|TAMS 0x000000008c100000| PB 0x000000008c100000| Complete |  0
| 112|0x000000008c200000, 0x000000008c300000, 0x000000008c300000|100%| E|CS|TAMS 0x000000008c200000| PB 0x000000008c200000| Complete |  0
| 113|0x000000008c300000, 0x000000008c400000, 0x000000008c400000|100%| E|CS|TAMS 0x000000008c300000| PB 0x000000008c300000| Complete |  0
| 114|0x000000008c400000, 0x000000008c500000, 0x000000008c500000|100%| E|CS|TAMS 0x000000008c400000| PB 0x000000008c400000| Complete |  0
| 115|0x000000008c500000, 0x000000008c600000, 0x000000008c600000|100%| E|CS|TAMS 0x000000008c500000| PB 0x000000008c500000| Complete |  0
| 116|0x000000008c600000, 0x000000008c700000, 0x000000008c700000|100%| E|CS|TAMS 0x000000008c600000| PB 0x000000008c600000| Complete |  0
| 117|0x000000008c700000, 0x000000008c800000, 0x000000008c800000|100%| E|CS|TAMS 0x000000008c700000| PB 0x000000008c700000| Complete |  0
| 118|0x000000008c800000, 0x000000008c900000, 0x000000008c900000|100%| E|CS|TAMS 0x000000008c800000| PB 0x000000008c800000| Complete |  0
| 119|0x000000008c900000, 0x000000008ca00000, 0x000000008ca00000|100%| E|CS|TAMS 0x000000008c900000| PB 0x000000008c900000| Complete |  0
| 120|0x000000008ca00000, 0x000000008cb00000, 0x000000008cb00000|100%| E|CS|TAMS 0x000000008ca00000| PB 0x000000008ca00000| Complete |  0
| 121|0x000000008cb00000, 0x000000008cc00000, 0x000000008cc00000|100%| E|CS|TAMS 0x000000008cb00000| PB 0x000000008cb00000| Complete |  0
| 122|0x000000008cc00000, 0x000000008cd00000, 0x000000008cd00000|100%| E|CS|TAMS 0x000000008cc00000| PB 0x000000008cc00000| Complete |  0
| 123|0x000000008cd00000, 0x000000008ce00000, 0x000000008ce00000|100%| E|CS|TAMS 0x000000008cd00000| PB 0x000000008cd00000| Complete |  0
|1964|0x00000000ffe00000, 0x00000000fff00000, 0x00000000fff00000|100%| O|  |TAMS 0x00000000ffe00000| PB 0x00000000ffe00000| Untracked |  0
|1965|0x00000000fff00000, 0x00000000fff1c2f8, 0x0000000100000000| 11%| O|  |TAMS 0x00000000fff00000| PB 0x00000000fff00000| Untracked |  0

Card table byte_map: [0x00000213fcb90000,0x00000213fcf70000] _byte_map_base: 0x00000213fc767000

Marking Bits: (CMBitMap*) 0x00000213e47ae0a0
 Bits: [0x00000213fcf70000, 0x00000213fee28000)

Polling page: 0x00000213e2570000

Metaspace:

Usage:
  Non-class:      9.01 MB used.
      Class:    873.14 KB used.
       Both:      9.86 MB used.

Virtual space:
  Non-class space:       64.00 MB reserved,       9.12 MB ( 14%) committed,  1 nodes.
      Class space:        1.00 GB reserved,     960.00 KB ( <1%) committed,  1 nodes.
             Both:        1.06 GB reserved,      10.06 MB ( <1%) committed. 

Chunk freelists:
   Non-Class:  6.49 MB
       Class:  15.09 MB
        Both:  21.58 MB

MaxMetaspaceSize: unlimited
CompressedClassSpaceSize: 1.00 GB
Initial GC threshold: 21.00 MB
Current GC threshold: 21.00 MB
CDS: on
 - commit_granule_bytes: 65536.
 - commit_granule_words: 8192.
 - virtual_space_node_default_size: 8388608.
 - enlarge_chunks_in_place: 1.
UseCompressedClassPointers 1, UseCompactObjectHeaders 0
Narrow klass pointer bits 32, Max shift 3
Narrow klass base: 0x0000021382000000, Narrow klass shift: 0
Encoding Range: [0x0000021382000000 - 0x0000021482000000), (4294967296 bytes)
Klass Range:    [0x0000021382000000 - 0x00000213c3000000), (1090519040 bytes)
Klass ID Range:  [8 - 1090519033) (1090519025)


Internal statistics:

num_allocs_failed_limit: 0.
num_arena_births: 120.
num_arena_deaths: 0.
num_vsnodes_births: 2.
num_vsnodes_deaths: 0.
num_space_committed: 161.
num_space_uncommitted: 0.
num_chunks_returned_to_freelist: 0.
num_chunks_taken_from_freelist: 150.
num_chunk_merges: 0.
num_chunk_splits: 92.
num_chunks_enlarged: 54.
num_inconsistent_stats: 0.

CodeHeap 'non-profiled nmethods': size=120064Kb used=475Kb max_used=475Kb free=119588Kb
 bounds [0x00000213f4d20000, 0x00000213f4f90000, 0x00000213fc260000]
CodeHeap 'profiled nmethods': size=120000Kb used=2367Kb max_used=2367Kb free=117632Kb
 bounds [0x00000213ed260000, 0x00000213ed4d0000, 0x00000213f4790000]
CodeHeap 'non-nmethods': size=5696Kb used=1492Kb max_used=1570Kb free=4203Kb
 bounds [0x00000213f4790000, 0x00000213f4a00000, 0x00000213f4d20000]
CodeCache: size=245760Kb, used=4334Kb, max_used=4412Kb, free=241423Kb
 total_blobs=2253, nmethods=1588, adapters=571, full_count=0
Compilation: enabled, stopped_count=0, restarted_count=0

Compilation events (20 events):
Event: 2009.892 Thread 0x00000213ffaad8a0 nmethod 1579 0x00000213f4d92288 code [0x00000213f4d923c0, 0x00000213f4d92860]
Event: 2240.574 Thread 0x00000213ffaad8a0 1580  s    4       java.awt.KeyboardFocusManager::getCurrentKeyboardFocusManager (32 bytes)
Event: 2240.577 Thread 0x00000213ffaad8a0 nmethod 1580 0x00000213f4d92908 code [0x00000213f4d92a40, 0x00000213f4d92d90]
Event: 2259.123 Thread 0x00000213ffaad8a0 1581       4       java.awt.EventQueue::getNextEventPrivate (76 bytes)
Event: 2259.132 Thread 0x00000213ffaad8a0 nmethod 1581 0x00000213f4d92e08 code [0x00000213f4d92f40, 0x00000213f4d93408]
Event: 2401.530 Thread 0x00000213ffaad8a0 1582       4       java.util.concurrent.locks.AbstractQueuedSynchronizer$ConditionObject::canReacquire (38 bytes)
Event: 2401.532 Thread 0x00000213ffaad8a0 nmethod 1582 0x00000213f4d93488 code [0x00000213f4d93580, 0x00000213f4d93648]
Event: 2433.623 Thread 0x00000213ffaad8a0 1583       4       java.util.concurrent.locks.LockSupport::setCurrentBlocker (14 bytes)
Event: 2433.624 Thread 0x00000213ffaad8a0 nmethod 1583 0x00000213f4d93788 code [0x00000213f4d93880, 0x00000213f4d939f0]
Event: 2457.195 Thread 0x00000213ffaad8a0 1584   !   4       sun.awt.GlobalCursorManager::_updateCursor (165 bytes)
Event: 2457.209 Thread 0x00000213ffaad8a0 nmethod 1584 0x00000213f4d93a88 code [0x00000213f4d93c80, 0x00000213f4d94428]
Event: 2553.978 Thread 0x00000213ffaad8a0 1585   !   4       java.awt.EventQueue::isDispatchThreadImpl (99 bytes)
Event: 2553.988 Thread 0x00000213ffaad8a0 nmethod 1585 0x00000213f4d94508 code [0x00000213f4d94660, 0x00000213f4d94b70]
Event: 2574.538 Thread 0x00000213ffaad8a0 1586       4       java.awt.Component::updateCursorImmediately (55 bytes)
Event: 2574.557 Thread 0x00000213ffaad8a0 nmethod 1586 0x00000213f4d94c88 code [0x00000213f4d94f00, 0x00000213f4d95ac8]
Event: 2619.686 Thread 0x00000213ffaad8a0 1587       4       java.awt.Component::repaint (16 bytes)
Event: 2619.689 Thread 0x00000213ffaad8a0 nmethod 1587 0x00000213f4d95c08 code [0x00000213f4d95d20, 0x00000213f4d95df8]
Event: 2651.274 Thread 0x00000213ffaad8a0 1588       4       java.awt.Component::isMixingNeeded (177 bytes)
Event: 2651.288 Thread 0x00000213ffaad8a0 nmethod 1588 0x00000213f4d95f08 code [0x00000213f4d960e0, 0x00000213f4d96ce0]
Event: 2660.292 Thread 0x00000213ffaad8a0 1589       4       javax.swing.JComponent::revalidate (53 bytes)

GC Heap History (0 events):
No events

Dll operation events (10 events):
Event: 0.014 Loaded shared library E:\Installed apps\Apache NetBeans\jdk\bin\java.dll
Event: 0.049 Loaded shared library E:\Installed apps\Apache NetBeans\jdk\bin\jsvml.dll
Event: 0.082 Loaded shared library E:\Installed apps\Apache NetBeans\jdk\bin\net.dll
Event: 0.084 Loaded shared library E:\Installed apps\Apache NetBeans\jdk\bin\nio.dll
Event: 0.105 Loaded shared library E:\Installed apps\Apache NetBeans\jdk\bin\zip.dll
Event: 0.117 Loaded shared library E:\Installed apps\Apache NetBeans\jdk\bin\jimage.dll
Event: 0.126 Loaded shared library E:\Installed apps\Apache NetBeans\jdk\bin\awt.dll
Event: 0.284 Loaded shared library E:\Installed apps\Apache NetBeans\jdk\bin\javajpeg.dll
Event: 0.375 Loaded shared library E:\Installed apps\Apache NetBeans\jdk\bin\freetype.dll
Event: 0.375 Loaded shared library E:\Installed apps\Apache NetBeans\jdk\bin\fontmanager.dll

Deoptimization events (20 events):
Event: 4.299 Thread 0x00000213c7a22220 Uncommon trap: trap_request=0xffffffde fr.pc=0x00000213f4d64e04 relative=0x00000000000002c4
Event: 4.299 Thread 0x00000213c7a22220 Uncommon trap: reason=class_check action=maybe_recompile pc=0x00000213f4d64e04 method=java.util.HashMap.getNode(Ljava/lang/Object;)Ljava/util/HashMap$Node; @ 128 c2
Event: 4.299 Thread 0x00000213c7a22220 DEOPT PACKING pc=0x00000213f4d64e04 sp=0x0000009c928fe740
Event: 4.299 Thread 0x00000213c7a22220 DEOPT UNPACKING pc=0x00000213f48a6302 sp=0x0000009c928fe648 mode 2
Event: 4.299 Thread 0x00000213c7a22220 Uncommon trap: trap_request=0xffffffde fr.pc=0x00000213f4d64e04 relative=0x00000000000002c4
Event: 4.299 Thread 0x00000213c7a22220 Uncommon trap: reason=class_check action=maybe_recompile pc=0x00000213f4d64e04 method=java.util.HashMap.getNode(Ljava/lang/Object;)Ljava/util/HashMap$Node; @ 128 c2
Event: 4.299 Thread 0x00000213c7a22220 DEOPT PACKING pc=0x00000213f4d64e04 sp=0x0000009c928fe620
Event: 4.299 Thread 0x00000213c7a22220 DEOPT UNPACKING pc=0x00000213f48a6302 sp=0x0000009c928fe528 mode 2
Event: 4.300 Thread 0x00000213c7a22220 Uncommon trap: trap_request=0xffffffde fr.pc=0x00000213f4d404d4 relative=0x00000000000001d4
Event: 4.300 Thread 0x00000213c7a22220 Uncommon trap: reason=class_check action=maybe_recompile pc=0x00000213f4d404d4 method=java.lang.String.equals(Ljava/lang/Object;)Z @ 8 c2
Event: 4.300 Thread 0x00000213c7a22220 DEOPT PACKING pc=0x00000213f4d404d4 sp=0x0000009c928fe600
Event: 4.300 Thread 0x00000213c7a22220 DEOPT UNPACKING pc=0x00000213f48a6302 sp=0x0000009c928fe598 mode 2
Event: 4.300 Thread 0x00000213c7a22220 Uncommon trap: trap_request=0xffffffde fr.pc=0x00000213f4d404d4 relative=0x00000000000001d4
Event: 4.300 Thread 0x00000213c7a22220 Uncommon trap: reason=class_check action=maybe_recompile pc=0x00000213f4d404d4 method=java.lang.String.equals(Ljava/lang/Object;)Z @ 8 c2
Event: 4.300 Thread 0x00000213c7a22220 DEOPT PACKING pc=0x00000213f4d404d4 sp=0x0000009c928fe600
Event: 4.300 Thread 0x00000213c7a22220 DEOPT UNPACKING pc=0x00000213f48a6302 sp=0x0000009c928fe598 mode 2
Event: 4.420 Thread 0x00000213c7a22220 Uncommon trap: trap_request=0xffffffde fr.pc=0x00000213f4d7337c relative=0x00000000000002bc
Event: 4.420 Thread 0x00000213c7a22220 Uncommon trap: reason=class_check action=maybe_recompile pc=0x00000213f4d7337c method=java.util.HashMap.getNode(Ljava/lang/Object;)Ljava/util/HashMap$Node; @ 128 c2
Event: 4.420 Thread 0x00000213c7a22220 DEOPT PACKING pc=0x00000213f4d7337c sp=0x0000009c928fe6d0
Event: 4.420 Thread 0x00000213c7a22220 DEOPT UNPACKING pc=0x00000213f48a6302 sp=0x0000009c928fe648 mode 2

Classes loaded (20 events):
Event: 4.117 Loading class javax/swing/JViewport
Event: 4.118 Loading class javax/swing/JViewport done
Event: 4.118 Loading class javax/swing/text/AbstractDocument$UndoRedoDocumentEvent
Event: 4.118 Loading class javax/swing/text/AbstractDocument$UndoRedoDocumentEvent done
Event: 4.118 Loading class javax/swing/text/DefaultCaret$1
Event: 4.118 Loading class javax/swing/text/DefaultCaret$1 done
Event: 4.118 Loading class javax/swing/event/UndoableEditEvent
Event: 4.118 Loading class javax/swing/event/UndoableEditEvent done
Event: 4.118 Loading class javax/swing/text/AbstractDocument$DefaultDocumentEventUndoableWrapper
Event: 4.118 Loading class sun/swing/text/UndoableEditLockSupport
Event: 4.118 Loading class sun/swing/text/UndoableEditLockSupport done
Event: 4.119 Loading class javax/swing/text/AbstractDocument$DefaultDocumentEventUndoableWrapper done
Event: 4.119 Loading class javax/swing/event/UndoableEditListener
Event: 4.119 Loading class javax/swing/event/UndoableEditListener done
Event: 9.802 Loading class java/lang/Throwable$WrappedPrintStream
Event: 9.803 Loading class java/lang/Throwable$PrintStreamOrWriter
Event: 9.803 Loading class java/lang/Throwable$PrintStreamOrWriter done
Event: 9.803 Loading class java/lang/Throwable$WrappedPrintStream done
Event: 9.804 Loading class java/lang/StackTraceElement$HashedModules
Event: 9.804 Loading class java/lang/StackTraceElement$HashedModules done

Classes unloaded (0 events):
No events

Classes redefined (0 events):
No events

Internal exceptions (20 events):
Event: 0.181 Thread 0x00000213e22d3360 Exception <a 'java/lang/NoSuchMethodError'{0x000000008caffca8}: 'java.lang.Object java.lang.invoke.DirectMethodHandle$Holder.invokeStatic(java.lang.Object, long)'> (0x000000008caffca8) 
thrown [s\src\hotspot\share\interpreter\linkResolver.cpp, line 805]
Event: 0.181 Thread 0x00000213e22d3360 Exception <a 'java/lang/NoSuchMethodError'{0x000000008c98bf88}: 'java.lang.Object java.lang.invoke.DirectMethodHandle$Holder.invokeStaticInit(java.lang.Object, long)'> (0x000000008c98bf88) 
thrown [s\src\hotspot\share\interpreter\linkResolver.cpp, line 805]
Event: 0.195 Thread 0x00000213e22d3360 Exception <a 'java/lang/NoSuchMethodError'{0x000000008c9bc3d0}: 'void java.lang.invoke.DirectMethodHandle$Holder.invokeSpecial(java.lang.Object, java.lang.Object, java.lang.Object)'> (0x000000008c9bc3d0) 
thrown [s\src\hotspot\share\interpreter\linkResolver.cpp, line 805]
Event: 0.204 Thread 0x00000213e22d3360 Exception <a 'java/lang/NoSuchMethodError'{0x000000008c82be40}: 'java.lang.Object java.lang.invoke.DirectMethodHandle$Holder.newInvokeSpecial(java.lang.Object, java.lang.Object, java.lang.Object, java.lang.Object, java.lang.Object)'> (0x000000008c82be40) 
thrown [s\src\hotspot\share\interpreter\linkResolver.cpp, line 805]
Event: 0.208 Thread 0x00000213e22d3360 Exception <a 'java/lang/NoSuchMethodError'{0x000000008c894e68}: 'java.lang.Object java.lang.invoke.DirectMethodHandle$Holder.invokeStatic(java.lang.Object, int, java.lang.Object)'> (0x000000008c894e68) 
thrown [s\src\hotspot\share\interpreter\linkResolver.cpp, line 805]
Event: 0.234 Thread 0x00000213e22d3360 Exception <a 'java/lang/ClassNotFoundException'{0x000000008c6c3a90}: com/sun/swing/internal/plaf/metal/resources/spi/metalProvider> (0x000000008c6c3a90) 
thrown [s\src\hotspot\share\classfile\systemDictionary.cpp, line 327]
Event: 0.235 Thread 0x00000213e22d3360 Exception <a 'java/lang/ClassNotFoundException'{0x000000008c6c74f0}: com/sun/swing/internal/plaf/basic/resources/spi/basicProvider> (0x000000008c6c74f0) 
thrown [s\src\hotspot\share\classfile\systemDictionary.cpp, line 327]
Event: 0.243 Thread 0x00000213e22d3360 Exception <a 'java/lang/NoSuchMethodError'{0x000000008c6f5018}: 'int java.lang.invoke.Invokers$Holder.invokeExact_MT(java.lang.Object, java.lang.Object)'> (0x000000008c6f5018) 
thrown [s\src\hotspot\share\interpreter\linkResolver.cpp, line 805]
Event: 0.371 Thread 0x00000213e22d3360 Exception <a 'java/lang/NoSuchMethodError'{0x000000008c52b078}: 'void java.lang.invoke.DirectMethodHandle$Holder.invokeStaticInit(java.lang.Object)'> (0x000000008c52b078) 
thrown [s\src\hotspot\share\interpreter\linkResolver.cpp, line 805]
Event: 0.381 Thread 0x00000213e22d3360 Exception <a 'java/lang/NoSuchMethodError'{0x000000008c55f7e8}: 'long java.lang.invoke.DirectMethodHandle$Holder.invokeStaticInit(java.lang.Object, long, long, long, long)'> (0x000000008c55f7e8) 
thrown [s\src\hotspot\share\interpreter\linkResolver.cpp, line 805]
Event: 0.382 Thread 0x00000213e22d3360 Exception <a 'java/lang/NoSuchMethodError'{0x000000008c5681f0}: 'java.lang.Object java.lang.invoke.DirectMethodHandle$Holder.invokeInterface(java.lang.Object, java.lang.Object, long, long)'> (0x000000008c5681f0) 
thrown [s\src\hotspot\share\interpreter\linkResolver.cpp, line 805]
Event: 0.382 Thread 0x00000213e22d3360 Exception <a 'java/lang/NoSuchMethodError'{0x000000008bc80d60}: 'void java.lang.invoke.DirectMethodHandle$Holder.invokeStaticInit(java.lang.Object, java.lang.Object, long, java.lang.Object)'> (0x000000008bc80d60) 
thrown [s\src\hotspot\share\interpreter\linkResolver.cpp, line 805]
Event: 0.383 Thread 0x00000213e22d3360 Exception <a 'java/lang/NoSuchMethodError'{0x000000008bc89948}: 'long java.lang.invoke.DirectMethodHandle$Holder.invokeStatic(java.lang.Object, long, long)'> (0x000000008bc89948) 
thrown [s\src\hotspot\share\interpreter\linkResolver.cpp, line 805]
Event: 0.386 Thread 0x00000213e22d3360 Exception <a 'java/lang/NoSuchMethodError'{0x000000008bcb2a18}: 'java.lang.Object java.lang.invoke.DirectMethodHandle$Holder.newInvokeSpecial(java.lang.Object, int, java.lang.Object)'> (0x000000008bcb2a18) 
thrown [s\src\hotspot\share\interpreter\linkResolver.cpp, line 805]
Event: 0.455 Thread 0x00000213c7409480 Exception <a 'java/lang/NoSuchMethodError'{0x000000008c910ad8}: 'void java.lang.invoke.DirectMethodHandle$Holder.invokeVirtual(java.lang.Object, java.lang.Object)'> (0x000000008c910ad8) 
thrown [s\src\hotspot\share\interpreter\linkResolver.cpp, line 805]
Event: 0.499 Thread 0x00000213c7a22220 Exception <a 'java/lang/NoSuchMethodError'{0x000000008bc32010}: 'void java.lang.invoke.DelegatingMethodHandle$Holder.reinvoke_L(java.lang.Object, java.lang.Object, java.lang.Object, java.lang.Object, long, long, float)'> (0x000000008bc32010) 
thrown [s\src\hotspot\share\interpreter\linkResolver.cpp, line 805]
Event: 0.500 Thread 0x00000213c7a22220 Exception <a 'java/lang/NoSuchMethodError'{0x000000008bc52660}: 'java.lang.Object java.lang.invoke.DirectMethodHandle$Holder.invokeStatic(java.lang.Object, java.lang.Object, java.lang.Object, java.lang.Object, java.lang.Object, long)'> (0x000000008bc52660) 
thrown [s\src\hotspot\share\interpreter\linkResolver.cpp, line 805]
Event: 0.505 Thread 0x00000213c7a22220 Exception <a 'java/lang/NoSuchMethodError'{0x000000008bb961f8}: 'float java.lang.invoke.DelegatingMethodHandle$Holder.reinvoke_L(java.lang.Object, java.lang.Object, java.lang.Object, java.lang.Object, long, long)'> (0x000000008bb961f8) 
thrown [s\src\hotspot\share\interpreter\linkResolver.cpp, line 805]
Event: 1.792 Thread 0x00000213c7a22220 Exception <a 'java/lang/NoSuchMethodError'{0x000000008ba70718}: 'java.lang.Object java.lang.invoke.DirectMethodHandle$Holder.invokeStaticInit(java.lang.Object, int, int, int, int)'> (0x000000008ba70718) 
thrown [s\src\hotspot\share\interpreter\linkResolver.cpp, line 805]
Event: 1.817 Thread 0x00000213c7a22220 Exception <a 'java/lang/NoSuchMethodError'{0x000000008b943728}: 'java.lang.Object java.lang.invoke.DirectMethodHandle$Holder.invokeStaticInit(java.lang.Object, java.lang.Object, int, int, int, int)'> (0x000000008b943728) 
thrown [s\src\hotspot\share\interpreter\linkResolver.cpp, line 805]

VM Operations (20 events):
Event: 2405.252 Executing VM operation: HandshakeAllThreads (HandshakeForDeflation)
Event: 2405.252 Executing VM operation: HandshakeAllThreads (HandshakeForDeflation) done
Event: 2405.252 Executing VM operation: RendezvousGCThreads
Event: 2405.252 Executing VM operation: RendezvousGCThreads done
Event: 2465.373 Executing VM operation: HandshakeAllThreads (HandshakeForDeflation)
Event: 2465.373 Executing VM operation: HandshakeAllThreads (HandshakeForDeflation) done
Event: 2465.373 Executing VM operation: RendezvousGCThreads
Event: 2465.373 Executing VM operation: RendezvousGCThreads done
Event: 2525.511 Executing VM operation: HandshakeAllThreads (HandshakeForDeflation)
Event: 2525.511 Executing VM operation: HandshakeAllThreads (HandshakeForDeflation) done
Event: 2525.512 Executing VM operation: RendezvousGCThreads
Event: 2525.512 Executing VM operation: RendezvousGCThreads done
Event: 2585.650 Executing VM operation: HandshakeAllThreads (HandshakeForDeflation)
Event: 2585.650 Executing VM operation: HandshakeAllThreads (HandshakeForDeflation) done
Event: 2585.651 Executing VM operation: RendezvousGCThreads
Event: 2585.651 Executing VM operation: RendezvousGCThreads done
Event: 2645.771 Executing VM operation: HandshakeAllThreads (HandshakeForDeflation)
Event: 2645.771 Executing VM operation: HandshakeAllThreads (HandshakeForDeflation) done
Event: 2645.771 Executing VM operation: RendezvousGCThreads
Event: 2645.771 Executing VM operation: RendezvousGCThreads done

Memory protections (0 events):
No events

Nmethod flushes (0 events):
No events

Events (20 events):
Event: 0.045 Thread 0x00000213e22d3360 Thread added: 0x00000213ffa973e0
Event: 0.046 Thread 0x00000213e22d3360 Thread added: 0x00000213ffa9a050
Event: 0.046 Thread 0x00000213e22d3360 Thread added: 0x00000213ffa9d2b0
Event: 0.046 Thread 0x00000213e22d3360 Thread added: 0x00000213ffa9bdf0
Event: 0.046 Thread 0x00000213e22d3360 Thread added: 0x00000213ffa9dde0
Event: 0.046 Thread 0x00000213e22d3360 Thread added: 0x00000213ffaad8a0
Event: 0.046 Thread 0x00000213e22d3360 Thread added: 0x00000213ffab11d0
Event: 0.081 Thread 0x00000213e22d3360 Thread added: 0x00000213c70a9510
Event: 0.095 Thread 0x00000213ffaad8a0 Thread added: 0x00000213ffaae470
Event: 0.097 Thread 0x00000213e22d3360 Thread added: 0x00000213c71b6510
Event: 0.166 Thread 0x00000213e22d3360 Thread added: 0x00000213c7408d40
Event: 0.166 Thread 0x00000213e22d3360 Thread added: 0x00000213c7882730
Event: 0.167 Thread 0x00000213e22d3360 Thread added: 0x00000213c7409480
Event: 0.248 Thread 0x00000213e22d3360 Thread added: 0x00000213c7a4a4e0
Event: 0.352 Thread 0x00000213c7409480 Thread added: 0x00000213c7a22220
Event: 0.618 Thread 0x00000213ffaae470 Thread exited: 0x00000213ffaae470
Event: 1.812 Thread 0x00000213ffab11d0 Thread added: 0x00000213ffaaf390
Event: 1.962 Thread 0x00000213c7a22220 Thread added: 0x00000213c7c007a0
Event: 2.059 Thread 0x00000213ffaaf390 Thread exited: 0x00000213ffaaf390
Event: 5.340 Thread 0x00000213c7a4a4e0 Thread exited: 0x00000213c7a4a4e0


Dynamic libraries:
0x00007ff7b9210000 - 0x00007ff7b921e000 	E:\Installed apps\Apache NetBeans\jdk\bin\java.exe
0x00007ff81b3e0000 - 0x00007ff81b648000 	C:\WINDOWS\SYSTEM32\ntdll.dll
0x00007ff819cb0000 - 0x00007ff819d79000 	C:\WINDOWS\System32\KERNEL32.DLL
0x00007ff818b70000 - 0x00007ff818f68000 	C:\WINDOWS\System32\KERNELBASE.dll
0x00007ff818530000 - 0x00007ff81867b000 	C:\WINDOWS\System32\ucrtbase.dll
0x00007fffda830000 - 0x00007fffda846000 	E:\Installed apps\Apache NetBeans\jdk\bin\jli.dll
0x00007fffdb830000 - 0x00007fffdb84e000 	E:\Installed apps\Apache NetBeans\jdk\bin\VCRUNTIME140.dll
0x00007ff819a60000 - 0x00007ff819c27000 	C:\WINDOWS\System32\USER32.dll
0x00007ff8189d0000 - 0x00007ff8189f7000 	C:\WINDOWS\System32\win32u.dll
0x00007fffefc00000 - 0x00007fffefe94000 	C:\WINDOWS\WinSxS\amd64_microsoft.windows.common-controls_6595b64144ccf1df_6.0.26100.7019_none_3e06ffa0e335b8a8\COMCTL32.dll
0x00007ff819a30000 - 0x00007ff819a5b000 	C:\WINDOWS\System32\GDI32.dll
0x00007ff8188a0000 - 0x00007ff8189cc000 	C:\WINDOWS\System32\gdi32full.dll
0x00007ff819280000 - 0x00007ff819329000 	C:\WINDOWS\System32\msvcrt.dll
0x00007ff818ac0000 - 0x00007ff818b63000 	C:\WINDOWS\System32\msvcp_win.dll
0x00007ff819430000 - 0x00007ff819461000 	C:\WINDOWS\System32\IMM32.DLL
0x00007fffe04f0000 - 0x00007fffe04fc000 	E:\Installed apps\Apache NetBeans\jdk\bin\vcruntime140_1.dll
0x00007fff93f50000 - 0x00007fff93fdd000 	E:\Installed apps\Apache NetBeans\jdk\bin\msvcp140.dll
0x00007fff92f50000 - 0x00007fff93dcc000 	E:\Installed apps\Apache NetBeans\jdk\bin\server\jvm.dll
0x00007ff81b2e0000 - 0x00007ff81b394000 	C:\WINDOWS\System32\ADVAPI32.dll
0x00007ff8195f0000 - 0x00007ff819696000 	C:\WINDOWS\System32\sechost.dll
0x00007ff81a420000 - 0x00007ff81a538000 	C:\WINDOWS\System32\RPCRT4.dll
0x00007ff819470000 - 0x00007ff8194e4000 	C:\WINDOWS\System32\WS2_32.dll
0x00007ff8183b0000 - 0x00007ff81840e000 	C:\WINDOWS\SYSTEM32\POWRPROF.dll
0x00007ff810420000 - 0x00007ff810455000 	C:\WINDOWS\SYSTEM32\WINMM.dll
0x00007ff801770000 - 0x00007ff80177b000 	C:\WINDOWS\SYSTEM32\VERSION.dll
0x00007ff818390000 - 0x00007ff8183a4000 	C:\WINDOWS\SYSTEM32\UMPDC.dll
0x00007ff8172b0000 - 0x00007ff8172cb000 	C:\WINDOWS\SYSTEM32\kernel.appcore.dll
0x00007fffda860000 - 0x00007fffda86a000 	E:\Installed apps\Apache NetBeans\jdk\bin\jimage.dll
0x00007ff815c20000 - 0x00007ff815e62000 	C:\WINDOWS\SYSTEM32\DBGHELP.DLL
0x00007ff8196a0000 - 0x00007ff819a2b000 	C:\WINDOWS\System32\combase.dll
0x00007ff819330000 - 0x00007ff819407000 	C:\WINDOWS\System32\OLEAUT32.dll
0x00007ff800200000 - 0x00007ff80023c000 	C:\WINDOWS\SYSTEM32\dbgcore.DLL
0x00007ff8187f0000 - 0x00007ff818895000 	C:\WINDOWS\System32\bcryptPrimitives.dll
0x00007fffdab20000 - 0x00007fffdab3e000 	E:\Installed apps\Apache NetBeans\jdk\bin\java.dll
0x00007ff819d80000 - 0x00007ff819f17000 	C:\WINDOWS\System32\ole32.dll
0x00007ff81a7b0000 - 0x00007ff81aeff000 	C:\WINDOWS\System32\SHELL32.dll
0x00007ff818680000 - 0x00007ff8187eb000 	C:\WINDOWS\System32\wintypes.dll
0x00007ff816110000 - 0x00007ff81696d000 	C:\WINDOWS\SYSTEM32\windows.storage.dll
0x00007ff8194f0000 - 0x00007ff8195e2000 	C:\WINDOWS\System32\SHCORE.dll
0x00007ff819f20000 - 0x00007ff819f87000 	C:\WINDOWS\System32\shlwapi.dll
0x00007ff818450000 - 0x00007ff818479000 	C:\WINDOWS\SYSTEM32\profapi.dll
0x00007fff93fe0000 - 0x00007fff940b7000 	E:\Installed apps\Apache NetBeans\jdk\bin\jsvml.dll
0x00007fffda820000 - 0x00007fffda830000 	E:\Installed apps\Apache NetBeans\jdk\bin\net.dll
0x00007ff817800000 - 0x00007ff81786b000 	C:\WINDOWS\system32\mswsock.dll
0x00007fffd8390000 - 0x00007fffd83a6000 	E:\Installed apps\Apache NetBeans\jdk\bin\nio.dll
0x00007fffd83b0000 - 0x00007fffd83c7000 	E:\Installed apps\Apache NetBeans\jdk\bin\zip.dll
0x00007fff92dd0000 - 0x00007fff92f4e000 	E:\Installed apps\Apache NetBeans\jdk\bin\awt.dll
0x00007ff814f40000 - 0x00007ff814fdf000 	C:\WINDOWS\SYSTEM32\apphelp.dll
0x00007ff8153e0000 - 0x00007ff815410000 	C:\WINDOWS\system32\DWMAPI.DLL
0x00007ff815150000 - 0x00007ff8151fa000 	C:\WINDOWS\system32\uxtheme.dll
0x00007fff92cc0000 - 0x00007fff92dcc000 	C:\WINDOWS\system32\opengl32.dll
0x00007fff94620000 - 0x00007fff9464d000 	C:\WINDOWS\SYSTEM32\GLU32.dll
0x00007ff815430000 - 0x00007ff815473000 	C:\WINDOWS\SYSTEM32\dxcore.dll
0x00007ff81a5b0000 - 0x00007ff81a70e000 	C:\WINDOWS\System32\MSCTF.dll
0x00007fffe86a0000 - 0x00007fffe86ce000 	E:\Installed apps\Apache NetBeans\jdk\bin\javajpeg.dll
0x00007fff93ec0000 - 0x00007fff93f47000 	E:\Installed apps\Apache NetBeans\jdk\bin\freetype.dll
0x00007fff92be0000 - 0x00007fff92cb9000 	E:\Installed apps\Apache NetBeans\jdk\bin\fontmanager.dll
0x00007ffff3000000 - 0x00007ffff3147000 	C:\WINDOWS\SYSTEM32\textinputframework.dll
0x00007ff814ac0000 - 0x00007ff814be7000 	C:\WINDOWS\SYSTEM32\CoreMessaging.dll
0x00007ff80f030000 - 0x00007ff80f312000 	C:\WINDOWS\SYSTEM32\CoreUIComponents.dll
0x00007ff817a50000 - 0x00007ff817a5c000 	C:\WINDOWS\SYSTEM32\CRYPTBASE.DLL
0x00007ff817bf0000 - 0x00007ff817c0b000 	C:\WINDOWS\SYSTEM32\CRYPTSP.dll
0x00007ff817210000 - 0x00007ff81724a000 	C:\WINDOWS\system32\rsaenh.dll
0x00007ff8178b0000 - 0x00007ff8178db000 	C:\WINDOWS\SYSTEM32\USERENV.dll
0x00007ff818420000 - 0x00007ff81844a000 	C:\WINDOWS\SYSTEM32\bcrypt.dll
0x00007ff816d50000 - 0x00007ff816d84000 	C:\WINDOWS\SYSTEM32\IPHLPAPI.DLL
0x00007ff819410000 - 0x00007ff81941a000 	C:\WINDOWS\System32\NSI.dll
0x00007ff81b1c0000 - 0x00007ff81b270000 	C:\WINDOWS\System32\clbcatq.dll
0x00007ff8136f0000 - 0x00007ff813920000 	C:\WINDOWS\SYSTEM32\WindowsCodecs.dll
0x00007fffda990000 - 0x00007fffda9ea000 	C:\WINDOWS\system32\dataexchange.dll
0x00007ff805970000 - 0x00007ff805bb4000 	C:\WINDOWS\system32\twinapi.appcore.dll

JVMTI agents: none

dbghelp: loaded successfully - version: 4.0.5 - missing functions: none
symbol engine: initialized successfully - sym options: 0x614 - pdb path: .;E:\Installed apps\Apache NetBeans\jdk\bin;C:\WINDOWS\SYSTEM32;C:\WINDOWS\WinSxS\amd64_microsoft.windows.common-controls_6595b64144ccf1df_6.0.26100.7019_none_3e06ffa0e335b8a8;E:\Installed apps\Apache NetBeans\jdk\bin\server

VM Arguments:
jvm_args: -Dfile.encoding=UTF-8 --module-path=D:\Study Material\University Material\5th_semester\Advanced programming Language 341,342\Project\Employee.Management.System\build\classes 
java_command: employee.management.system.Splash
java_class_path (initial): E:\downloads\Compressed\mysql-connector-j-9.5.0\mysql-connector-j-9.5.0\mysql-connector-j-9.5.0.jar;E:\downloads\Compressed\jcalendar-tz-1.3.3-4.jar;E:\downloads\Compressed\rs2xml.jar;D:\Study Material\University Material\5th_semester\Advanced programming Language 341,342\Project\Employee.Management.System\build\classes
Launcher Type: SUN_STANDARD

[Global flags]
     intx CICompilerCount                          = 4                                         {product} {ergonomic}
     uint ConcGCThreads                            = 3                                         {product} {ergonomic}
     uint G1ConcRefinementThreads                  = 10                                        {product} {ergonomic}
   size_t G1HeapRegionSize                         = 1048576                                   {product} {ergonomic}
   size_t InitialHeapSize                          = 130023424                                 {product} {ergonomic}
   size_t MarkStackSize                            = 4194304                                   {product} {ergonomic}
   size_t MarkStackSizeMax                         = 536870912                                 {product} {ergonomic}
   size_t MaxHeapSize                              = 2061500416                                {product} {ergonomic}
   size_t MaxNewSize                               = 1236271104                                {product} {ergonomic}
   size_t MinHeapDeltaBytes                        = 1048576                                   {product} {ergonomic}
   size_t MinHeapSize                              = 8388608                                   {product} {ergonomic}
    uintx NonNMethodCodeHeapSize                   = 5832704                                {pd product} {ergonomic}
    uintx NonProfiledCodeHeapSize                  = 122945536                              {pd product} {ergonomic}
    uintx ProfiledCodeHeapSize                     = 122880000                              {pd product} {ergonomic}
    uintx ReservedCodeCacheSize                    = 251658240                              {pd product} {ergonomic}
     bool SegmentedCodeCache                       = true                                      {product} {ergonomic}
   size_t SoftMaxHeapSize                          = 2061500416                             {manageable} {ergonomic}
     bool UseCompressedOops                        = true                           {product lp64_product} {ergonomic}
     bool UseG1GC                                  = true                                      {product} {ergonomic}
     bool UseLargePagesIndividualAllocation        = false                                  {pd product} {ergonomic}

Logging:
Log output configuration:
 #0: stdout all=warning uptime,level,tags foldmultilines=false
 #1: stderr all=off uptime,level,tags foldmultilines=false

Environment Variables:
PATH=C:\Program Files (x86)\Common Files\Oracle\Java\java8path;C:\Program Files (x86)\Common Files\Oracle\Java\javapath;C:\WINDOWS\system32;C:\WINDOWS;C:\WINDOWS\System32\Wbem;C:\WINDOWS\System32\WindowsPowerShell\v1.0\;C:\WINDOWS\System32\OpenSSH\;E:\Software\mingw64\bin;C:\MinGW\bin;C:\Program Files\Java\jre1.8.0_421\bin;C:\Program Files\dotnet\;C:\Users\ridu1\AppData\Local\Programs\Python\Python313;C:\Users\ridu1\AppData\Local\Programs\Python\Python313\Scripts;E:\downloads\Compressed\win_flex_bison-2.5.25;C:\Program Files\MySQL\MySQL Shell 8.0\bin\;C:\Users\ridu1\AppData\Local\Microsoft\WindowsApps;C:\Users\ridu1\AppData\Local\Programs\Microsoft VS Code\bin;E:\Installed apps\Flex Windows\gcc\bin;E:\Installed apps\Flex Windows\Lex\bin;E:\Installed apps\Flex Windows\bison\bin
USERNAME=junaed_1
OS=Windows_NT
PROCESSOR_IDENTIFIER=Intel64 Family 6 Model 154 Stepping 4, GenuineIntel
TMP=C:\Users\ridu1\AppData\Local\Temp
TEMP=C:\Users\ridu1\AppData\Local\Temp




Periodic native trim disabled

---------------  S Y S T E M  ---------------

OS:
 Windows 11 , 64 bit Build 26100 (10.0.26100.7019)
OS uptime: 0 days 6:07 hours
Hyper-V role detected

CPU: total 12 (initial active 12) (6 cores per cpu, 2 threads per core) family 6 model 154 stepping 4 microcode 0x432, cx8, cmov, fxsr, ht, mmx, 3dnowpref, sse, sse2, sse3, ssse3, sse4.1, sse4.2, popcnt, lzcnt, tsc, tscinvbit, avx, avx2, aes, erms, clmul, bmi1, bmi2, adx, sha, fma, vzeroupper, clflush, clflushopt, clwb, hv, serialize, rdtscp, rdpid, fsrm, gfni, f16c, cet_ibt, cet_ss
Processor Information for processor 0
  Max Mhz: 1300, Current Mhz: 1300, Mhz Limit: 1300
Processor Information for processor 1
  Max Mhz: 1300, Current Mhz: 1300, Mhz Limit: 1300
Processor Information for processor 2
  Max Mhz: 1300, Current Mhz: 1300, Mhz Limit: 1300
Processor Information for processor 3
  Max Mhz: 1300, Current Mhz: 1300, Mhz Limit: 1300
Processor Information for processor 4
  Max Mhz: 1300, Current Mhz: 900, Mhz Limit: 897
Processor Information for processor 5
  Max Mhz: 1300, Current Mhz: 900, Mhz Limit: 897
Processor Information for processor 6
  Max Mhz: 1300, Current Mhz: 900, Mhz Limit: 897
Processor Information for processor 7
  Max Mhz: 1300, Current Mhz: 900, Mhz Limit: 897
Processor Information for processor 8
  Max Mhz: 1300, Current Mhz: 900, Mhz Limit: 897
Processor Information for processor 9
  Max Mhz: 1300, Current Mhz: 900, Mhz Limit: 897
Processor Information for processor 10
  Max Mhz: 1300, Current Mhz: 900, Mhz Limit: 897
Processor Information for processor 11
  Max Mhz: 1300, Current Mhz: 900, Mhz Limit: 897

Memory: 4k page, system-wide physical 7863M (717M free)
TotalPageFile size 23229M (AvailPageFile size 9M)
current process WorkingSet (physical memory assigned to process): 22M, peak: 103M
current process commit charge ("private bytes"): 233M, peak: 241M

vm_info: OpenJDK 64-Bit Server VM (24.0.1+9) for windows-amd64 JRE (24.0.1+9) (Zulu24.30+11-CA), built on 2025-03-21T13:52:34Z with MS VC++ 17.1 (VS2022)

END.
