#
# There is insufficient memory for the Java Runtime Environment to continue.
# Native memory allocation (malloc) failed to allocate 1048576 bytes. Error detail: AllocateHeap
# Possible reasons:
#   The system is out of physical RAM or swap space
#   This process is running with CompressedOops enabled, and the Java Heap may be blocking the growth of the native heap
# Possible solutions:
#   Reduce memory load on the system
#   Increase physical memory or swap space
#   Check if swap backing store is full
#   Decrease Java heap size (-Xmx/-Xms)
#   Decrease number of Java threads
#   Decrease Java thread stack sizes (-Xss)
#   Set larger code cache with -XX:ReservedCodeCacheSize=
#   JVM is running with Unscaled Compressed Oops mode in which the Java heap is
#     placed in the first 4GB address space. The Java Heap base address is the
#     maximum limit for the native heap growth. Please use -XX:HeapBaseMinAddress
#     to set the Java Heap base and to place the Java Heap above 4GB virtual address.
# This output file may be truncated or incomplete.
#
#  Out of Memory Error (allocation.cpp:44), pid=20772, tid=17000
#
# JRE version:  (24.0.1+9) (build )
# Java VM: OpenJDK 64-Bit Server VM (24.0.1+9, mixed mode, sharing, tiered, compressed oops, compressed class ptrs, g1 gc, windows-amd64)
# No core dump will be written. Minidumps are not enabled by default on client versions of Windows
#

---------------  S U M M A R Y ------------

Command Line: -Dfile.encoding=UTF-8 --module-path=D:\Study Material\University Material\5th_semester\Advanced programming Language 341,342\Project\Employee.Management.System\build\classes employee.management.system.Splash

Host: 12th Gen Intel(R) Core(TM) i5-1235U, 12 cores, 7G,  Windows 11 , 64 bit Build 26100 (10.0.26100.7019)
Time: Wed Nov 26 01:11:56 2025 Bangladesh Standard Time elapsed time: 0.074281 seconds (0d 0h 0m 0s)

---------------  T H R E A D  ---------------

Current thread (0x0000022371dcbee0):  JavaThread "Unknown thread" [_thread_in_vm, id=17000, stack(0x000000d998d00000,0x000000d998e00000) (1024K)]

Stack: [0x000000d998d00000,0x000000d998e00000]
Native frames: (J=compiled Java code, j=interpreted, Vv=VM code, C=native code)
V  [jvm.dll+0x7410c9]  (no source info available)
V  [jvm.dll+0x97def3]  (no source info available)
V  [jvm.dll+0x98021d]  (no source info available)
V  [jvm.dll+0x980893]  (no source info available)
V  [jvm.dll+0x2b5b16]  (no source info available)
V  [jvm.dll+0xbf497]  (no source info available)
V  [jvm.dll+0x367ce8]  (no source info available)
V  [jvm.dll+0x940663]  (no source info available)
V  [jvm.dll+0x4077ad]  (no source info available)
V  [jvm.dll+0x928b1e]  (no source info available)
V  [jvm.dll+0x4a2c4e]  (no source info available)
V  [jvm.dll+0x4a4b81]  (no source info available)
C  [jli.dll+0x52a1]  (no source info available)
C  [ucrtbase.dll+0x37b0]  (no source info available)
C  [KERNEL32.DLL+0x2e8d7]  (no source info available)
C  [ntdll.dll+0x8c53c]  (no source info available)

Lock stack of current Java thread (top to bottom):


---------------  P R O C E S S  ---------------

Threads class SMR info:
_java_thread_list=0x00007fff93c5bf58, length=0, elements={
}

Java Threads: ( => current thread )
Total: 0

Other Threads:

=>0x0000022371dcbee0 (exited) JavaThread "Unknown thread"    [_thread_in_vm, id=17000, stack(0x000000d998d00000,0x000000d998e00000) (1024K)]
Total: 1

Threads with active compile tasks:
Total: 0

VM state: not at safepoint (not fully initialized)

VM Mutex/Monitor currently owned by a thread: None

Heap address: 0x0000000000000000, size: 0 MB, Compressed Oops mode: 32-bit

CDS archive(s) mapped at: [0x0000000000000000-0x0000000000000000-0x0000000000000000), size 0, SharedBaseAddress: 0x0000000800000000, ArchiveRelocationMode: 1.
UseCompressedClassPointers 1, UseCompactObjectHeaders 0
Narrow klass pointer bits 32, Max shift 3
Narrow klass base: 0xffffffffffffffff, Narrow klass shift: -1
Encoding Range: [0xffffffffffffffff - 0x000000007fffffff), (2147483648 bytes)
Klass Range:    [0x0000000000000000 - 0x0000000000000000), (0 bytes)
Klass ID Range:  [4294967295 - 0) (1)

GC Precious Log:
 CardTable entry size: 512
 Card Set container configuration: InlinePtr #cards 5 size 8 Array Of Cards #cards 10 size 36 Howl #buckets 4 coarsen threshold 1843 Howl Bitmap #cards 512 size 80 coarsen threshold 460 Card regions per heap region 1 cards per card region 2048

GC Heap History (0 events):
No events

Dll operation events (1 events):
Event: 0.007 Loaded shared library E:\Installed apps\Apache NetBeans\jdk\bin\java.dll

Deoptimization events (0 events):
No events

Classes loaded (0 events):
No events

Classes unloaded (0 events):
No events

Classes redefined (0 events):
No events

Internal exceptions (0 events):
No events

VM Operations (0 events):
No events

Memory protections (0 events):
No events

Nmethod flushes (0 events):
No events

Events (0 events):
No events


Dynamic libraries:
0x00007ff7b9210000 - 0x00007ff7b921e000 	E:\Installed apps\Apache NetBeans\jdk\bin\java.exe
0x00007ff81b3e0000 - 0x00007ff81b648000 	C:\WINDOWS\SYSTEM32\ntdll.dll
0x00007ff819cb0000 - 0x00007ff819d79000 	C:\WINDOWS\System32\KERNEL32.DLL
0x00007ff818b70000 - 0x00007ff818f68000 	C:\WINDOWS\System32\KERNELBASE.dll
0x00007ff818530000 - 0x00007ff81867b000 	C:\WINDOWS\System32\ucrtbase.dll
0x00007fffda830000 - 0x00007fffda846000 	E:\Installed apps\Apache NetBeans\jdk\bin\jli.dll
0x00007fffdb830000 - 0x00007fffdb84e000 	E:\Installed apps\Apache NetBeans\jdk\bin\VCRUNTIME140.dll
0x00007ff819a60000 - 0x00007ff819c27000 	C:\WINDOWS\System32\USER32.dll
0x00007ff8189d0000 - 0x00007ff8189f7000 	C:\WINDOWS\System32\win32u.dll
0x00007fffefc00000 - 0x00007fffefe94000 	C:\WINDOWS\WinSxS\amd64_microsoft.windows.common-controls_6595b64144ccf1df_6.0.26100.7019_none_3e06ffa0e335b8a8\COMCTL32.dll
0x00007ff819a30000 - 0x00007ff819a5b000 	C:\WINDOWS\System32\GDI32.dll
0x00007ff8188a0000 - 0x00007ff8189cc000 	C:\WINDOWS\System32\gdi32full.dll
0x00007ff819280000 - 0x00007ff819329000 	C:\WINDOWS\System32\msvcrt.dll
0x00007ff818ac0000 - 0x00007ff818b63000 	C:\WINDOWS\System32\msvcp_win.dll
0x00007ff819430000 - 0x00007ff819461000 	C:\WINDOWS\System32\IMM32.DLL
0x00007fffe04f0000 - 0x00007fffe04fc000 	E:\Installed apps\Apache NetBeans\jdk\bin\vcruntime140_1.dll
0x00007fff93f50000 - 0x00007fff93fdd000 	E:\Installed apps\Apache NetBeans\jdk\bin\msvcp140.dll
0x00007fff92f50000 - 0x00007fff93dcc000 	E:\Installed apps\Apache NetBeans\jdk\bin\server\jvm.dll
0x00007ff81b2e0000 - 0x00007ff81b394000 	C:\WINDOWS\System32\ADVAPI32.dll
0x00007ff8195f0000 - 0x00007ff819696000 	C:\WINDOWS\System32\sechost.dll
0x00007ff81a420000 - 0x00007ff81a538000 	C:\WINDOWS\System32\RPCRT4.dll
0x00007ff819470000 - 0x00007ff8194e4000 	C:\WINDOWS\System32\WS2_32.dll
0x00007ff8183b0000 - 0x00007ff81840e000 	C:\WINDOWS\SYSTEM32\POWRPROF.dll
0x00007ff801770000 - 0x00007ff80177b000 	C:\WINDOWS\SYSTEM32\VERSION.dll
0x00007ff810420000 - 0x00007ff810455000 	C:\WINDOWS\SYSTEM32\WINMM.dll
0x00007ff818390000 - 0x00007ff8183a4000 	C:\WINDOWS\SYSTEM32\UMPDC.dll
0x00007ff8172b0000 - 0x00007ff8172cb000 	C:\WINDOWS\SYSTEM32\kernel.appcore.dll
0x00007fffda860000 - 0x00007fffda86a000 	E:\Installed apps\Apache NetBeans\jdk\bin\jimage.dll
0x00007ff815c20000 - 0x00007ff815e62000 	C:\WINDOWS\SYSTEM32\DBGHELP.DLL
0x00007ff8196a0000 - 0x00007ff819a2b000 	C:\WINDOWS\System32\combase.dll
0x00007ff819330000 - 0x00007ff819407000 	C:\WINDOWS\System32\OLEAUT32.dll
0x00007ff800200000 - 0x00007ff80023c000 	C:\WINDOWS\SYSTEM32\dbgcore.DLL
0x00007ff8187f0000 - 0x00007ff818895000 	C:\WINDOWS\System32\bcryptPrimitives.dll
0x00007fffdab20000 - 0x00007fffdab3e000 	E:\Installed apps\Apache NetBeans\jdk\bin\java.dll
0x00007ff819d80000 - 0x00007ff819f17000 	C:\WINDOWS\System32\ole32.dll
0x00007ff81a7b0000 - 0x00007ff81aeff000 	C:\WINDOWS\System32\SHELL32.dll
0x00007ff818680000 - 0x00007ff8187eb000 	C:\WINDOWS\System32\wintypes.dll

JVMTI agents: none

dbghelp: loaded successfully - version: 4.0.5 - missing functions: none
symbol engine: initialized successfully - sym options: 0x614 - pdb path: .;E:\Installed apps\Apache NetBeans\jdk\bin;C:\WINDOWS\SYSTEM32;C:\WINDOWS\WinSxS\amd64_microsoft.windows.common-controls_6595b64144ccf1df_6.0.26100.7019_none_3e06ffa0e335b8a8;E:\Installed apps\Apache NetBeans\jdk\bin\server

VM Arguments:
jvm_args: -Dfile.encoding=UTF-8 --module-path=D:\Study Material\University Material\5th_semester\Advanced programming Language 341,342\Project\Employee.Management.System\build\classes 
java_command: employee.management.system.Splash
java_class_path (initial): E:\downloads\Compressed\mysql-connector-j-9.5.0\mysql-connector-j-9.5.0\mysql-connector-j-9.5.0.jar;E:\downloads\Compressed\jcalendar-tz-1.3.3-4.jar;E:\downloads\Compressed\rs2xml.jar;D:\Study Material\University Material\5th_semester\Advanced programming Language 341,342\Project\Employee.Management.System\build\classes
Launcher Type: SUN_STANDARD

[Global flags]
     intx CICompilerCount                          = 4                                         {product} {ergonomic}
     uint ConcGCThreads                            = 3                                         {product} {ergonomic}
     uint G1ConcRefinementThreads                  = 10                                        {product} {ergonomic}
   size_t G1HeapRegionSize                         = 1048576                                   {product} {ergonomic}
   size_t InitialHeapSize                          = 130023424                                 {product} {ergonomic}
   size_t MarkStackSize                            = 4194304                                   {product} {ergonomic}
   size_t MaxHeapSize                              = 2061500416                                {product} {ergonomic}
   size_t MinHeapDeltaBytes                        = 1048576                                   {product} {ergonomic}
   size_t MinHeapSize                              = 8388608                                   {product} {ergonomic}
    uintx NonNMethodCodeHeapSize                   = 5832704                                {pd product} {ergonomic}
    uintx NonProfiledCodeHeapSize                  = 122945536                              {pd product} {ergonomic}
    uintx ProfiledCodeHeapSize                     = 122880000                              {pd product} {ergonomic}
    uintx ReservedCodeCacheSize                    = 251658240                              {pd product} {ergonomic}
     bool SegmentedCodeCache                       = true                                      {product} {ergonomic}
   size_t SoftMaxHeapSize                          = 2061500416                             {manageable} {ergonomic}
     bool UseCompressedOops                        = true                           {product lp64_product} {ergonomic}
     bool UseG1GC                                  = true                                      {product} {ergonomic}
     bool UseLargePagesIndividualAllocation        = false                                  {pd product} {ergonomic}

Logging:
Log output configuration:
 #0: stdout all=warning uptime,level,tags foldmultilines=false
 #1: stderr all=off uptime,level,tags foldmultilines=false

Environment Variables:
PATH=C:\Program Files (x86)\Common Files\Oracle\Java\java8path;C:\Program Files (x86)\Common Files\Oracle\Java\javapath;C:\WINDOWS\system32;C:\WINDOWS;C:\WINDOWS\System32\Wbem;C:\WINDOWS\System32\WindowsPowerShell\v1.0\;C:\WINDOWS\System32\OpenSSH\;E:\Software\mingw64\bin;C:\MinGW\bin;C:\Program Files\Java\jre1.8.0_421\bin;C:\Program Files\dotnet\;C:\Users\ridu1\AppData\Local\Programs\Python\Python313;C:\Users\ridu1\AppData\Local\Programs\Python\Python313\Scripts;E:\downloads\Compressed\win_flex_bison-2.5.25;C:\Program Files\MySQL\MySQL Shell 8.0\bin\;C:\Users\ridu1\AppData\Local\Microsoft\WindowsApps;C:\Users\ridu1\AppData\Local\Programs\Microsoft VS Code\bin;E:\Installed apps\Flex Windows\gcc\bin;E:\Installed apps\Flex Windows\Lex\bin;E:\Installed apps\Flex Windows\bison\bin
USERNAME=junaed_1
OS=Windows_NT
PROCESSOR_IDENTIFIER=Intel64 Family 6 Model 154 Stepping 4, GenuineIntel
TMP=C:\Users\ridu1\AppData\Local\Temp
TEMP=C:\Users\ridu1\AppData\Local\Temp




Periodic native trim disabled

---------------  S Y S T E M  ---------------

OS:
 Windows 11 , 64 bit Build 26100 (10.0.26100.7019)
OS uptime: 0 days 5:34 hours
Hyper-V role detected

CPU: total 12 (initial active 12) (6 cores per cpu, 2 threads per core) family 6 model 154 stepping 4 microcode 0x432, cx8, cmov, fxsr, ht, mmx, 3dnowpref, sse, sse2, sse3, ssse3, sse4.1, sse4.2, popcnt, lzcnt, tsc, tscinvbit, avx, avx2, aes, erms, clmul, bmi1, bmi2, adx, sha, fma, vzeroupper, clflush, clflushopt, clwb, hv, serialize, rdtscp, rdpid, fsrm, gfni, f16c, cet_ibt, cet_ss
Processor Information for processor 0
  Max Mhz: 1300, Current Mhz: 1300, Mhz Limit: 1300
Processor Information for processor 1
  Max Mhz: 1300, Current Mhz: 1300, Mhz Limit: 1300
Processor Information for processor 2
  Max Mhz: 1300, Current Mhz: 1300, Mhz Limit: 1300
Processor Information for processor 3
  Max Mhz: 1300, Current Mhz: 1300, Mhz Limit: 1300
Processor Information for processor 4
  Max Mhz: 1300, Current Mhz: 900, Mhz Limit: 897
Processor Information for processor 5
  Max Mhz: 1300, Current Mhz: 900, Mhz Limit: 897
Processor Information for processor 6
  Max Mhz: 1300, Current Mhz: 900, Mhz Limit: 897
Processor Information for processor 7
  Max Mhz: 1300, Current Mhz: 900, Mhz Limit: 897
Processor Information for processor 8
  Max Mhz: 1300, Current Mhz: 900, Mhz Limit: 897
Processor Information for processor 9
  Max Mhz: 1300, Current Mhz: 900, Mhz Limit: 897
Processor Information for processor 10
  Max Mhz: 1300, Current Mhz: 900, Mhz Limit: 897
Processor Information for processor 11
  Max Mhz: 1300, Current Mhz: 900, Mhz Limit: 897

Memory: 4k page, system-wide physical 7863M (500M free)
TotalPageFile size 23229M (AvailPageFile size 11M)
current process WorkingSet (physical memory assigned to process): 12M, peak: 12M
current process commit charge ("private bytes"): 15M, peak: 16M

vm_info: OpenJDK 64-Bit Server VM (24.0.1+9) for windows-amd64 JRE (24.0.1+9) (Zulu24.30+11-CA), built on 2025-03-21T13:52:34Z with MS VC++ 17.1 (VS2022)

END.
